Archive member included to satisfy reference by file (symbol)

../Middlewares/ST/AI/Lib\NetworkRuntime810_CM4_GCC.a(ai_platform.o)
                              ./X-CUBE-AI/App/network_9.o (ai_buffer_array_item_set_address)
../Middlewares/ST/AI/Lib\NetworkRuntime810_CM4_GCC.a(ai_platform_interface.o)
                              ./X-CUBE-AI/App/network_9.o (ai_platform_get_weights_map)
../Middlewares/ST/AI/Lib\NetworkRuntime810_CM4_GCC.a(core_common.o)
                              ../Middlewares/ST/AI/Lib\NetworkRuntime810_CM4_GCC.a(ai_platform_interface.o) (core_init)
../Middlewares/ST/AI/Lib\NetworkRuntime810_CM4_GCC.a(core_mem_manager.o)
                              ../Middlewares/ST/AI/Lib\NetworkRuntime810_CM4_GCC.a(ai_platform_interface.o) (core_mem_alloc)
../Middlewares/ST/AI/Lib\NetworkRuntime810_CM4_GCC.a(layers.o)
                              ../Middlewares/ST/AI/Lib\NetworkRuntime810_CM4_GCC.a(ai_platform_interface.o) (ai_check_custom_types)
../Middlewares/ST/AI/Lib\NetworkRuntime810_CM4_GCC.a(layers_conv2d_generic_float.o)
                              ./X-CUBE-AI/App/network_9.o (forward_conv2d_if32of32wf32)
../Middlewares/ST/AI/Lib\NetworkRuntime810_CM4_GCC.a(layers_conv2d_stm32_integer.o)
                              ../Middlewares/ST/AI/Lib\NetworkRuntime810_CM4_GCC.a(layers.o) (get_conv2d_scratch_size)
../Middlewares/ST/AI/Lib\NetworkRuntime810_CM4_GCC.a(layers_generic_float.o)
                              ./X-CUBE-AI/App/network_9.o (forward_eltwise)
../Middlewares/ST/AI/Lib\NetworkRuntime810_CM4_GCC.a(layers_nl_generic_float.o)
                              ./X-CUBE-AI/App/network_9.o (forward_relu)
../Middlewares/ST/AI/Lib\NetworkRuntime810_CM4_GCC.a(layers_pad_generic.o)
                              ../Middlewares/ST/AI/Lib\NetworkRuntime810_CM4_GCC.a(layers_generic_float.o) (forward_pad_8bit_ch1st_3x3_constant)
../Middlewares/ST/AI/Lib\NetworkRuntime810_CM4_GCC.a(layers_pool_generic_float.o)
                              ./X-CUBE-AI/App/network_9.o (forward_ap)
../Middlewares/ST/AI/Lib\NetworkRuntime810_CM4_GCC.a(forward_lite_conv2d_if32of32wf32.o)
                              ../Middlewares/ST/AI/Lib\NetworkRuntime810_CM4_GCC.a(layers_conv2d_generic_float.o) (forward_lite_conv2d_if32of32wf32)
../Middlewares/ST/AI/Lib\NetworkRuntime810_CM4_GCC.a(lite_dense_if32.o)
                              ../Middlewares/ST/AI/Lib\NetworkRuntime810_CM4_GCC.a(layers_conv2d_generic_float.o) (forward_lite_dense_if32of32wf32)
../Middlewares/ST/AI/Lib\NetworkRuntime810_CM4_GCC.a(lite_generic_float.o)
                              ../Middlewares/ST/AI/Lib\NetworkRuntime810_CM4_GCC.a(layers_generic_float.o) (forward_lite_topK_axis_0_if32of32)
../Middlewares/ST/AI/Lib\NetworkRuntime810_CM4_GCC.a(forward_lite_pad_generic.o)
                              ../Middlewares/ST/AI/Lib\NetworkRuntime810_CM4_GCC.a(layers_pad_generic.o) (forward_lite_pad_8bit_ch1st_3x3_constant)
../Middlewares/ST/AI/Lib\NetworkRuntime810_CM4_GCC.a(st_convolve_reference.o)
                              ../Middlewares/ST/AI/Lib\NetworkRuntime810_CM4_GCC.a(layers_conv2d_stm32_integer.o) (align_factor)
../Middlewares/ST/AI/Lib\NetworkRuntime810_CM4_GCC.a(st_sssa8_ch_convolve.o)
                              ../Middlewares/ST/AI/Lib\NetworkRuntime810_CM4_GCC.a(layers_conv2d_stm32_integer.o) (st_sssa8_ch_convolve_rank1upd)
../Middlewares/ST/AI/Lib\NetworkRuntime810_CM4_GCC.a(st_sssa8_convolve.o)
                              ../Middlewares/ST/AI/Lib\NetworkRuntime810_CM4_GCC.a(layers_conv2d_stm32_integer.o) (st_sssa8_convolve_rank1upd)
../Middlewares/ST/AI/Lib\NetworkRuntime810_CM4_GCC.a(st_sssa8_convolve_1x1.o)
                              ../Middlewares/ST/AI/Lib\NetworkRuntime810_CM4_GCC.a(layers_conv2d_stm32_integer.o) (st_sssa8_convolve_1x1_WeightsPrefetch)
../Middlewares/ST/AI/Lib\NetworkRuntime810_CM4_GCC.a(st_sssa8_convolve_dw.o)
                              ../Middlewares/ST/AI/Lib\NetworkRuntime810_CM4_GCC.a(layers_conv2d_stm32_integer.o) (st_sssa8_conv_dw_Wadapt)
../Middlewares/ST/AI/Lib\NetworkRuntime810_CM4_GCC.a(st_sssa8_convolve_rgb.o)
                              ../Middlewares/ST/AI/Lib\NetworkRuntime810_CM4_GCC.a(layers_conv2d_stm32_integer.o) (st_sssa8_convolve_rgb)
../Middlewares/ST/AI/Lib\NetworkRuntime810_CM4_GCC.a(st_ssua8_ch_convolve.o)
                              ../Middlewares/ST/AI/Lib\NetworkRuntime810_CM4_GCC.a(layers_conv2d_stm32_integer.o) (st_ssua8_ch_convolve_rank1upd)
../Middlewares/ST/AI/Lib\NetworkRuntime810_CM4_GCC.a(st_ssua8_ch_convolve_1x1.o)
                              ../Middlewares/ST/AI/Lib\NetworkRuntime810_CM4_GCC.a(layers_conv2d_stm32_integer.o) (st_ssua8_ch_convolve_1x1)
../Middlewares/ST/AI/Lib\NetworkRuntime810_CM4_GCC.a(st_ssua8_ch_convolve_dw.o)
                              ../Middlewares/ST/AI/Lib\NetworkRuntime810_CM4_GCC.a(layers_conv2d_stm32_integer.o) (st_ssua8_ch_conv_dw_Wadapt)
../Middlewares/ST/AI/Lib\NetworkRuntime810_CM4_GCC.a(st_ssua8_ch_convolve_rgb.o)
[...]
Memory Configuration

Name             Origin             Length             Attributes
CCMRAM           0x10000000         0x00010000         xrw
RAM              0x20000000         0x0001c000         xrw
FLASH            0x08000000         0x00100000         xr
*default*        0x00000000         0xffffffff

Linker script and memory map

LOAD C:/ST/STM32CubeIDE_1.15.0/STM32CubeIDE/plugins/com.st.stm32cube.ide.mcu.externaltools.gnu-tools-for-stm32.12.3.rel1.win32_1.0.100.202403111256/tools/bin/../lib/gcc/arm-none-eabi/12.3.1/thumb/v7e-m+fp/hard/crti.o
LOAD C:/ST/STM32CubeIDE_1.15.0/STM32CubeIDE/plugins/com.st.stm32cube.ide.mcu.externaltools.gnu-tools-for-stm32.12.3.rel1.win32_1.0.100.202403111256/tools/bin/../lib/gcc/arm-none-eabi/12.3.1/thumb/v7e-m+fp/hard/crtbegin.o
LOAD C:/ST/STM32CubeIDE_1.15.0/STM32CubeIDE/plugins/com.st.stm32cube.ide.mcu.externaltools.gnu-tools-for-stm32.12.3.rel1.win32_1.0.100.202403111256/tools/bin/../lib/gcc/arm-none-eabi/12.3.1/../../../../arm-none-eabi/lib/thumb/v7e-m+fp/hard/crt0.o
LOAD ./Core/Src/main.o
LOAD ./Core/Src/rc522.o
LOAD ./Core/Src/stm32f4xx_hal_msp.o
LOAD ./Core/Src/stm32f4xx_it.o
LOAD ./Core/Src/sysmem.o
LOAD ./Core/Src/system_stm32f4xx.o
LOAD ./Core/Startup/startup_stm32f407vgtx.o
LOAD ./Drivers/STM32F4xx_HAL_Driver/Src/stm32f4xx_hal.o
LOAD ./Drivers/STM32F4xx_HAL_Driver/Src/stm32f4xx_hal_cortex.o
LOAD ./Drivers/STM32F4xx_HAL_Driver/Src/stm32f4xx_hal_crc.o
LOAD ./Drivers/STM32F4xx_HAL_Driver/Src/stm32f4xx_hal_dma.o
LOAD ./Drivers/STM32F4xx_HAL_Driver/Src/stm32f4xx_hal_dma_ex.o
LOAD ./Drivers/STM32F4xx_HAL_Driver/Src/stm32f4xx_hal_exti.o
LOAD ./Drivers/STM32F4xx_HAL_Driver/Src/stm32f4xx_hal_flash.o
LOAD ./Drivers/STM32F4xx_HAL_Driver/Src/stm32f4xx_hal_flash_ex.o
LOAD ./Drivers/STM32F4xx_HAL_Driver/Src/stm32f4xx_hal_flash_ramfunc.o
LOAD ./Drivers/STM32F4xx_HAL_Driver/Src/stm32f4xx_hal_gpio.o
LOAD ./Drivers/STM32F4xx_HAL_Driver/Src/stm32f4xx_hal_pwr.o
LOAD ./Drivers/STM32F4xx_HAL_Driver/Src/stm32f4xx_hal_pwr_ex.o
LOAD ./Drivers/STM32F4xx_HAL_Driver/Src/stm32f4xx_hal_rcc.o
LOAD ./Drivers/STM32F4xx_HAL_Driver/Src/stm32f4xx_hal_rcc_ex.o
LOAD ./Drivers/STM32F4xx_HAL_Driver/Src/stm32f4xx_hal_spi.o
LOAD ./Drivers/STM32F4xx_HAL_Driver/Src/stm32f4xx_hal_tim.o
LOAD ./Drivers/STM32F4xx_HAL_Driver/Src/stm32f4xx_hal_tim_ex.o
LOAD ./Drivers/STM32F4xx_HAL_Driver/Src/stm32f4xx_hal_uart.o
LOAD ./X-CUBE-AI/App/network_9.o
LOAD ./X-CUBE-AI/App/network_9_data.o
LOAD ./X-CUBE-AI/App/network_9_data_params.o
LOAD ../Middlewares/ST/AI/Lib\NetworkRuntime810_CM4_GCC.a
START GROUP
LOAD C:/ST/STM32CubeIDE_1.15.0/STM32CubeIDE/plugins/com.st.stm32cube.ide.mcu.externaltools.gnu-tools-for-stm32.12.3.rel1.win32_1.0.100.202403111256/tools/bin/../lib/gcc/arm-none-eabi/12.3.1/../../../../arm-none-eabi/lib/thumb/v7e-m+fp/hard\libc_nano.a
LOAD C:/ST/STM32CubeIDE_1.15.0/STM32CubeIDE/plugins/com.st.stm32cube.ide.mcu.externaltools.gnu-tools-for-stm32.12.3.rel1.win32_1.0.100.202403111256/tools/bin/../lib/gcc/arm-none-eabi/12.3.1/../../../../arm-none-eabi/lib/thumb/v7e-m+fp/hard\libm.a
END GROUP
START GROUP
LOAD C:/ST/STM32CubeIDE_1.15.0/STM32CubeIDE/plugins/com.st.stm32cube.ide.mcu.externaltools.gnu-tools-for-stm32.12.3.rel1.win32_1.0.100.202403111256/tools/bin/../lib/gcc/arm-none-eabi/12.3.1/thumb/v7e-m+fp/hard\libgcc.a
LOAD C:/ST/STM32CubeIDE_1.15.0/STM32CubeIDE/plugins/com.st.stm32cube.ide.mcu.externaltools.gnu-tools-for-stm32.12.3.rel1.win32_1.0.100.202403111256/tools/bin/../lib/gcc/arm-none-eabi/12.3.1/../../../../arm-none-eabi/lib/thumb/v7e-m+fp/hard\libc_nano.a
END GROUP
START GROUP
LOAD C:/ST/STM32CubeIDE_1.15.0/STM32CubeIDE/plugins/com.st.stm32cube.ide.mcu.externaltools.gnu-tools-for-stm32.12.3.rel1.win32_1.0.100.202403111256/tools/bin/../lib/gcc/arm-none-eabi/12.3.1/thumb/v7e-m+fp/hard\libgcc.a
LOAD C:/ST/STM32CubeIDE_1.15.0/STM32CubeIDE/plugins/com.st.stm32cube.ide.mcu.externaltools.gnu-tools-for-stm32.12.3.rel1.win32_1.0.100.202403111256/tools/bin/../lib/gcc/arm-none-eabi/12.3.1/../../../../arm-none-eabi/lib/thumb/v7e-m+fp/hard\libc_nano.a
LOAD C:/ST/STM32CubeIDE_1.15.0/STM32CubeIDE/plugins/com.st.stm32cube.ide.mcu.externaltools.gnu-tools-for-stm32.12.3.rel1.win32_1.0.100.202403111256/tools/bin/../lib/gcc/arm-none-eabi/12.3.1/../../../../arm-none-eabi/lib/thumb/v7e-m+fp/hard\libnosys.a
END GROUP
START GROUP
LOAD C:/ST/STM32CubeIDE_1.15.0/STM32CubeIDE/plugins/com.st.stm32cube.ide.mcu.externaltools.gnu-tools-for-stm32.12.3.rel1.win32_1.0.100.202403111256/tools/bin/../lib/gcc/arm-none-eabi/12.3.1/thumb/v7e-m+fp/hard\libgcc.a
LOAD C:/ST/STM32CubeIDE_1.15.0/STM32CubeIDE/plugins/com.st.stm32cube.ide.mcu.externaltools.gnu-tools-for-stm32.12.3.rel1.win32_1.0.100.202403111256/tools/bin/../lib/gcc/arm-none-eabi/12.3.1/../../../../arm-none-eabi/lib/thumb/v7e-m+fp/hard\libc_nano.a
LOAD C:/ST/STM32CubeIDE_1.15.0/STM32CubeIDE/plugins/com.st.stm32cube.ide.mcu.externaltools.gnu-tools-for-stm32.12.3.rel1.win32_1.0.100.202403111256/tools/bin/../lib/gcc/arm-none-eabi/12.3.1/../../../../arm-none-eabi/lib/thumb/v7e-m+fp/hard\libnosys.a
END GROUP
LOAD C:/ST/STM32CubeIDE_1.15.0/STM32CubeIDE/plugins/com.st.stm32cube.ide.mcu.externaltools.gnu-tools-for-stm32.12.3.rel1.win32_1.0.100.202403111256/tools/bin/../lib/gcc/arm-none-eabi/12.3.1/thumb/v7e-m+fp/hard/crtend.o
LOAD C:/ST/STM32CubeIDE_1.15.0/STM32CubeIDE/plugins/com.st.stm32cube.ide.mcu.externaltools.gnu-tools-for-stm32.12.3.rel1.win32_1.0.100.202403111256/tools/bin/../lib/gcc/arm-none-eabi/12.3.1/thumb/v7e-m+fp/hard/crtn.o
                0x2001c000                        _estack = (ORIGIN (RAM) + LENGTH (RAM))
                0x00000800                        _Min_Heap_Size = 0x800
                0x00000800                        _Min_Stack_Size = 0x800

.isr_vector     0x08000000      0x188
                0x08000000                        . = ALIGN (0x4)
 *(.isr_vector)
 .isr_vector    0x08000000      0x188 ./Core/Startup/startup_stm32f407vgtx.o
                0x08000000                g_pfnVectors
                0x08000188                        . = ALIGN (0x4)

.text           0x08000190     0xbf8c
                0x08000190                        . = ALIGN (0x4)
 *(.text)
 .text          0x08000190       0x40 C:/ST/STM32CubeIDE_1.15.0/STM32CubeIDE/plugins/com.st.stm32cube.ide.mcu.externaltools.gnu-tools-for-stm32.12.3.rel1.win32_1.0.100.202403111256/tools/bin/../lib/gcc/arm-none-eabi/12.3.1/thumb/v7e-m+fp/hard/crtbegin.o
 .text          0x080001d0       0xa0 C:/ST/STM32CubeIDE_1.15.0/STM32CubeIDE/plugins/com.st.stm32cube.ide.mcu.externaltools.gnu-tools-for-stm32.12.3.rel1.win32_1.0.100.202403111256/tools/bin/../lib/gcc/arm-none-eabi/12.3.1/../../../../arm-none-eabi/lib/thumb/v7e-m+fp/hard\libc_nano.a(libc_a-memchr.o)
                0x080001d0                memchr
 .text          0x08000270       0x10 C:/ST/STM32CubeIDE_1.15.0/STM32CubeIDE/plugins/com.st.stm32cube.ide.mcu.externaltools.gnu-tools-for-stm32.12.3.rel1.win32_1.0.100.202403111256/tools/bin/../lib/gcc/arm-none-eabi/12.3.1/../../../../arm-none-eabi/lib/thumb/v7e-m+fp/hard\libc_nano.a(libc_a-strlen.o)
                0x08000270                strlen
 .text          0x08000280      0x378 C:/ST/STM32CubeIDE_1.15.0/STM32CubeIDE/plugins/com.st.stm32cube.ide.mcu.externaltools.gnu-tools-for-stm32.12.3.rel1.win32_1.0.100.202403111256/tools/bin/../lib/gcc/arm-none-eabi/12.3.1/thumb/v7e-m+fp/hard\libgcc.a(_arm_addsubdf3.o)
                0x08000280                __aeabi_drsub
                0x08000288                __aeabi_dsub
                0x08000288                __subdf3
                0x0800028c                __aeabi_dadd
                0x0800028c                __adddf3
                0x08000504                __floatunsidf
                0x08000504                __aeabi_ui2d
                0x08000524                __floatsidf
                0x08000524                __aeabi_i2d
                0x08000548                __aeabi_f2d
                0x08000548                __extendsfdf2
                0x0800058c                __floatundidf
                0x0800058c                __aeabi_ul2d
                0x0800059c                __floatdidf
                0x0800059c                __aeabi_l2d
 .text          0x080005f8      0x424 C:/ST/STM32CubeIDE_1.15.0/STM32CubeIDE/plugins/com.st.stm32cube.ide.mcu.externaltools.gnu-tools-for-stm32.12.3.rel1.win32_1.0.100.202403111256/tools/bin/../lib/gcc/arm-none-eabi/12.3.1/thumb/v7e-m+fp/hard\libgcc.a(_arm_muldivdf3.o)
                0x080005f8                __aeabi_dmul
                0x080005f8                __muldf3
                0x0800084c                __divdf3
                0x0800084c                __aeabi_ddiv
 .text          0x08000a1c      0x110 C:/ST/STM32CubeIDE_1.15.0/STM32CubeIDE/plugins/com.st.stm32cube.ide.mcu.externaltools.gnu-tools-for-stm32.12.3.rel1.win32_1.0.100.202403111256/tools/bin/../lib/gcc/arm-none-eabi/12.3.1/thumb/v7e-m+fp/hard\libgcc.a(_arm_cmpdf2.o)
                0x08000a1c                __gtdf2
                0x08000a1c                __gedf2
                0x08000a24                __ltdf2
                0x08000a24                __ledf2
                0x08000a2c                __nedf2
                0x08000a2c                __eqdf2
                0x08000a2c                __cmpdf2
                0x08000aa8                __aeabi_cdrcmple
                0x08000ab8                __aeabi_cdcmpeq
                0x08000ab8                __aeabi_cdcmple
                0x08000ac8                __aeabi_dcmpeq
                0x08000adc                __aeabi_dcmplt
                0x08000af0                __aeabi_dcmple
                0x08000b04                __aeabi_dcmpge
                0x08000b18                __aeabi_dcmpgt
 .text          0x08000b2c       0x2c C:/ST/STM32CubeIDE_1.15.0/STM32CubeIDE/plugins/com.st.stm32cube.ide.mcu.externaltools.gnu-tools-for-stm32.12.3.rel1.win32_1.0.100.202403111256/tools/bin/../lib/gcc/arm-none-eabi/12.3.1/thumb/v7e-m+fp/hard\libgcc.a(_arm_unorddf2.o)
                0x08000b2c                __unorddf2
                0x08000b2c                __aeabi_dcmpun
 .text          0x08000b58       0x50 C:/ST/STM32CubeIDE_1.15.0/STM32CubeIDE/plugins/com.st.stm32cube.ide.mcu.externaltools.gnu-tools-for-stm32.12.3.rel1.win32_1.0.100.202403111256/tools/bin/../lib/gcc/arm-none-eabi/12.3.1/thumb/v7e-m+fp/hard\libgcc.a(_arm_fixdfsi.o)
                0x08000b58                __aeabi_d2iz
                0x08000b58                __fixdfsi
 .text          0x08000ba8       0x30 C:/ST/STM32CubeIDE_1.15.0/STM32CubeIDE/plugins/com.st.stm32cube.ide.mcu.externaltools.gnu-tools-for-stm32.12.3.rel1.win32_1.0.100.202403111256/tools/bin/../lib/gcc/arm-none-eabi/12.3.1/thumb/v7e-m+fp/hard\libgcc.a(_aeabi_uldivmod.o)
                0x08000ba8                __aeabi_uldivmod
 .text          0x08000bd8      0x2bc C:/ST/STM32CubeIDE_1.15.0/STM32CubeIDE/plugins/com.st.stm32cube.ide.mcu.externaltools.gnu-tools-for-stm32.12.3.rel1.win32_1.0.100.202403111256/tools/bin/../lib/gcc/arm-none-eabi/12.3.1/thumb/v7e-m+fp/hard\libgcc.a(_udivmoddi4.o)
                0x08000bd8                __udivmoddi4
 .text          0x08000e94        0x4 C:/ST/STM32CubeIDE_1.15.0/STM32CubeIDE/plugins/com.st.stm32cube.ide.mcu.externaltools.gnu-tools-for-stm32.12.3.rel1.win32_1.0.100.202403111256/tools/bin/../lib/gcc/arm-none-eabi/12.3.1/thumb/v7e-m+fp/hard\libgcc.a(_dvmd_tls.o)
                0x08000e94                __aeabi_idiv0
                0x08000e94                __aeabi_ldiv0
 *(.text*)
 .text.main     0x08000e98      0x2d0 ./Core/Src/main.o
                0x08000e98                main
 .text.send_data_to_nodemcu
                0x08001168       0x40 ./Core/Src/main.o
                0x08001168                send_data_to_nodemcu
 .text.read_image_file
                0x080011a8       0xb8 ./Core/Src/main.o
                0x080011a8                read_image_file
 .text.SystemClock_Config
                0x08001260       0xd4 ./Core/Src/main.o
                0x08001260                SystemClock_Config
 .text.MX_CRC_Init
                0x08001334       0x28 ./Core/Src/main.o
 .text.MX_SPI1_Init
                0x0800135c       0x6c ./Core/Src/main.o
 .text.MX_USART2_UART_Init
                0x080013c8       0x54 ./Core/Src/main.o
 .text.MX_GPIO_Init
                0x0800141c      0x2d4 ./Core/Src/main.o
 .text.Error_Handler
                0x080016f0        0xc ./Core/Src/main.o
                0x080016f0                Error_Handler
 .text.HAL_MspInit
                0x080016fc       0x50 ./Core/Src/stm32f4xx_hal_msp.o
                0x080016fc                HAL_MspInit
 .text.HAL_CRC_MspInit
                0x0800174c       0x44 ./Core/Src/stm32f4xx_hal_msp.o
                0x0800174c                HAL_CRC_MspInit
 .text.HAL_SPI_MspInit
                0x08001790       0x90 ./Core/Src/stm32f4xx_hal_msp.o
                0x08001790                HAL_SPI_MspInit
 .text.HAL_UART_MspInit
                0x08001820       0xa0 ./Core/Src/stm32f4xx_hal_msp.o
                0x08001820                HAL_UART_MspInit
 .text.NMI_Handler
                0x080018c0        0x8 ./Core/Src/stm32f4xx_it.o
                0x080018c0                NMI_Handler
 .text.HardFault_Handler
                0x080018c8        0x8 ./Core/Src/stm32f4xx_it.o
                0x080018c8                HardFault_Handler
 .text.MemManage_Handler
                0x080018d0        0x8 ./Core/Src/stm32f4xx_it.o
                0x080018d0                MemManage_Handler
 .text.BusFault_Handler
                0x080018d8        0x8 ./Core/Src/stm32f4xx_it.o
                0x080018d8                BusFault_Handler
 .text.UsageFault_Handler
                0x080018e0        0x8 ./Core/Src/stm32f4xx_it.o
                0x080018e0                UsageFault_Handler
 .text.SVC_Handler
                0x080018e8        0xe ./Core/Src/stm32f4xx_it.o
                0x080018e8                SVC_Handler
 .text.DebugMon_Handler
                0x080018f6        0xe ./Core/Src/stm32f4xx_it.o
                0x080018f6                DebugMon_Handler
 .text.PendSV_Handler
                0x08001904        0xe ./Core/Src/stm32f4xx_it.o
                0x08001904                PendSV_Handler
 .text.SysTick_Handler
                0x08001912        0xc ./Core/Src/stm32f4xx_it.o
                0x08001912                SysTick_Handler
 *fill*         0x0800191e        0x2 
 .text.USART2_IRQHandler
                0x08001920       0x14 ./Core/Src/stm32f4xx_it.o
                0x08001920                USART2_IRQHandler
 .text._sbrk    0x08001934       0x6c ./Core/Src/sysmem.o
                0x08001934                _sbrk
 .text.SystemInit
                0x080019a0       0x24 ./Core/Src/system_stm32f4xx.o
                0x080019a0                SystemInit
 .text.Reset_Handler
                0x080019c4       0x50 ./Core/Startup/startup_stm32f407vgtx.o
                0x080019c4                Reset_Handler
 .text.Default_Handler
                0x08001a14        0x2 ./Core/Startup/startup_stm32f407vgtx.o
                0x08001a14                RTC_Alarm_IRQHandler
                0x08001a14                HASH_RNG_IRQHandler
                0x08001a14                EXTI2_IRQHandler
                0x08001a14                TIM8_CC_IRQHandler
                0x08001a14                TIM1_CC_IRQHandler
                0x08001a14                DMA2_Stream5_IRQHandler
                0x08001a14                DMA1_Stream5_IRQHandler
                0x08001a14                PVD_IRQHandler
                0x08001a14                SDIO_IRQHandler
                0x08001a14                TAMP_STAMP_IRQHandler
                0x08001a14                CAN2_RX1_IRQHandler
                0x08001a14                EXTI3_IRQHandler
                0x08001a14                TIM8_TRG_COM_TIM14_IRQHandler
                0x08001a14                TIM1_UP_TIM10_IRQHandler
                0x08001a14                TIM8_UP_TIM13_IRQHandler
                0x08001a14                I2C3_ER_IRQHandler
                0x08001a14                EXTI0_IRQHandler
                0x08001a14                I2C2_EV_IRQHandler
                0x08001a14                DMA1_Stream2_IRQHandler
                0x08001a14                CAN1_RX0_IRQHandler
                0x08001a14                FPU_IRQHandler
                0x08001a14                OTG_HS_WKUP_IRQHandler
                0x08001a14                CAN2_SCE_IRQHandler
                0x08001a14                DMA2_Stream2_IRQHandler
                0x08001a14                SPI1_IRQHandler
                0x08001a14                TIM6_DAC_IRQHandler
                0x08001a14                TIM1_BRK_TIM9_IRQHandler
                0x08001a14                DCMI_IRQHandler
                0x08001a14                CAN2_RX0_IRQHandler
                0x08001a14                DMA2_Stream3_IRQHandler
                0x08001a14                USART6_IRQHandler
                0x08001a14                USART3_IRQHandler
                0x08001a14                CAN1_RX1_IRQHandler
                0x08001a14                UART5_IRQHandler
                0x08001a14                DMA2_Stream0_IRQHandler
                0x08001a14                TIM4_IRQHandler
                0x08001a14                I2C1_EV_IRQHandler
                0x08001a14                DMA1_Stream6_IRQHandler
                0x08001a14                DMA1_Stream1_IRQHandler
                0x08001a14                UART4_IRQHandler
                0x08001a14                TIM3_IRQHandler
                0x08001a14                RCC_IRQHandler
                0x08001a14                TIM8_BRK_TIM12_IRQHandler
                0x08001a14                Default_Handler
                0x08001a14                EXTI15_10_IRQHandler
                0x08001a14                ADC_IRQHandler
                0x08001a14                DMA1_Stream7_IRQHandler
                0x08001a14                TIM7_IRQHandler
                0x08001a14                CAN2_TX_IRQHandler
                0x08001a14                TIM5_IRQHandler
                0x08001a14                DMA2_Stream7_IRQHandler
                0x08001a14                I2C3_EV_IRQHandler
                0x08001a14                EXTI9_5_IRQHandler
                0x08001a14                RTC_WKUP_IRQHandler
                0x08001a14                ETH_WKUP_IRQHandler
                0x08001a14                SPI2_IRQHandler
                0x08001a14                OTG_HS_EP1_IN_IRQHandler
                0x08001a14                DMA1_Stream0_IRQHandler
                0x08001a14                CAN1_TX_IRQHandler
                0x08001a14                EXTI4_IRQHandler
                0x08001a14                FSMC_IRQHandler
                0x08001a14                ETH_IRQHandler
                0x08001a14                OTG_HS_EP1_OUT_IRQHandler
                0x08001a14                WWDG_IRQHandler
                0x08001a14                TIM2_IRQHandler
                0x08001a14                OTG_FS_WKUP_IRQHandler
                0x08001a14                TIM1_TRG_COM_TIM11_IRQHandler
                0x08001a14                OTG_HS_IRQHandler
                0x08001a14                EXTI1_IRQHandler
                0x08001a14                I2C2_ER_IRQHandler
                0x08001a14                DMA2_Stream1_IRQHandler
                0x08001a14                CAN1_SCE_IRQHandler
                0x08001a14                FLASH_IRQHandler
                0x08001a14                DMA2_Stream4_IRQHandler
                0x08001a14                USART1_IRQHandler
                0x08001a14                OTG_FS_IRQHandler
                0x08001a14                SPI3_IRQHandler
                0x08001a14                DMA1_Stream4_IRQHandler
                0x08001a14                I2C1_ER_IRQHandler
                0x08001a14                DMA2_Stream6_IRQHandler
                0x08001a14                DMA1_Stream3_IRQHandler
 *fill*         0x08001a16        0x2 
 .text.HAL_Init
                0x08001a18       0x44 ./Drivers/STM32F4xx_HAL_Driver/Src/stm32f4xx_hal.o
                0x08001a18                HAL_Init
 .text.HAL_InitTick
                0x08001a5c       0x60 ./Drivers/STM32F4xx_HAL_Driver/Src/stm32f4xx_hal.o
                0x08001a5c                HAL_InitTick
 .text.HAL_IncTick
                0x08001abc       0x28 ./Drivers/STM32F4xx_HAL_Driver/Src/stm32f4xx_hal.o
                0x08001abc                HAL_IncTick
 .text.HAL_GetTick
                0x08001ae4       0x18 ./Drivers/STM32F4xx_HAL_Driver/Src/stm32f4xx_hal.o
                0x08001ae4                HAL_GetTick
 .text.HAL_Delay
                0x08001afc       0x48 ./Drivers/STM32F4xx_HAL_Driver/Src/stm32f4xx_hal.o
                0x08001afc                HAL_Delay
 .text.__NVIC_SetPriorityGrouping
                0x08001b44       0x48 ./Drivers/STM32F4xx_HAL_Driver/Src/stm32f4xx_hal_cortex.o
 .text.__NVIC_GetPriorityGrouping
                0x08001b8c       0x1c ./Drivers/STM32F4xx_HAL_Driver/Src/stm32f4xx_hal_cortex.o
 .text.__NVIC_EnableIRQ
                0x08001ba8       0x3c ./Drivers/STM32F4xx_HAL_Driver/Src/stm32f4xx_hal_cortex.o
 .text.__NVIC_SetPriority
                0x08001be4       0x54 ./Drivers/STM32F4xx_HAL_Driver/Src/stm32f4xx_hal_cortex.o
 .text.NVIC_EncodePriority
                0x08001c38       0x66 ./Drivers/STM32F4xx_HAL_Driver/Src/stm32f4xx_hal_cortex.o
 *fill*         0x08001c9e        0x2 
 .text.SysTick_Config
                0x08001ca0       0x44 ./Drivers/STM32F4xx_HAL_Driver/Src/stm32f4xx_hal_cortex.o
 .text.HAL_NVIC_SetPriorityGrouping
                0x08001ce4       0x16 ./Drivers/STM32F4xx_HAL_Driver/Src/stm32f4xx_hal_cortex.o
                0x08001ce4                HAL_NVIC_SetPriorityGrouping
 .text.HAL_NVIC_SetPriority
                0x08001cfa       0x38 ./Drivers/STM32F4xx_HAL_Driver/Src/stm32f4xx_hal_cortex.o
                0x08001cfa                HAL_NVIC_SetPriority
 .text.HAL_NVIC_EnableIRQ
                0x08001d32       0x1c ./Drivers/STM32F4xx_HAL_Driver/Src/stm32f4xx_hal_cortex.o
                0x08001d32                HAL_NVIC_EnableIRQ
 .text.HAL_SYSTICK_Config
                0x08001d4e       0x18 ./Drivers/STM32F4xx_HAL_Driver/Src/stm32f4xx_hal_cortex.o
                0x08001d4e                HAL_SYSTICK_Config
 .text.HAL_CRC_Init
                0x08001d66       0x38 ./Drivers/STM32F4xx_HAL_Driver/Src/stm32f4xx_hal_crc.o
                0x08001d66                HAL_CRC_Init
 .text.HAL_DMA_Abort
                0x08001d9e       0xe0 ./Drivers/STM32F4xx_HAL_Driver/Src/stm32f4xx_hal_dma.o
                0x08001d9e                HAL_DMA_Abort
 .text.HAL_DMA_Abort_IT
                0x08001e7e       0x44 ./Drivers/STM32F4xx_HAL_Driver/Src/stm32f4xx_hal_dma.o
                0x08001e7e                HAL_DMA_Abort_IT
 *fill*         0x08001ec2        0x2 
 .text.HAL_GPIO_Init
                0x08001ec4      0x338 ./Drivers/STM32F4xx_HAL_Driver/Src/stm32f4xx_hal_gpio.o
                0x08001ec4                HAL_GPIO_Init
 .text.HAL_GPIO_WritePin
                0x080021fc       0x32 ./Drivers/STM32F4xx_HAL_Driver/Src/stm32f4xx_hal_gpio.o
                0x080021fc                HAL_GPIO_WritePin
 *fill*         0x0800222e        0x2 
 .text.HAL_RCC_OscConfig
                0x08002230      0x4f0 ./Drivers/STM32F4xx_HAL_Driver/Src/stm32f4xx_hal_rcc.o
                0x08002230                HAL_RCC_OscConfig
 .text.HAL_RCC_ClockConfig
                0x08002720      0x1cc ./Drivers/STM32F4xx_HAL_Driver/Src/stm32f4xx_hal_rcc.o
                0x08002720                HAL_RCC_ClockConfig
 .text.HAL_RCC_GetSysClockFreq
                0x080028ec      0x20c ./Drivers/STM32F4xx_HAL_Driver/Src/stm32f4xx_hal_rcc.o
                0x080028ec                HAL_RCC_GetSysClockFreq
 .text.HAL_RCC_GetHCLKFreq
                0x08002af8       0x18 ./Drivers/STM32F4xx_HAL_Driver/Src/stm32f4xx_hal_rcc.o
                0x08002af8                HAL_RCC_GetHCLKFreq
 .text.HAL_RCC_GetPCLK1Freq
                0x08002b10       0x28 ./Drivers/STM32F4xx_HAL_Driver/Src/stm32f4xx_hal_rcc.o
                0x08002b10                HAL_RCC_GetPCLK1Freq
 .text.HAL_RCC_GetPCLK2Freq
                0x08002b38       0x28 ./Drivers/STM32F4xx_HAL_Driver/Src/stm32f4xx_hal_rcc.o
                0x08002b38                HAL_RCC_GetPCLK2Freq
 .text.HAL_SPI_Init
                0x08002b60      0x112 ./Drivers/STM32F4xx_HAL_Driver/Src/stm32f4xx_hal_spi.o
                0x08002b60                HAL_SPI_Init
 .text.HAL_UART_Init
                0x08002c72       0xa0 ./Drivers/STM32F4xx_HAL_Driver/Src/stm32f4xx_hal_uart.o
                0x08002c72                HAL_UART_Init
 .text.HAL_UART_Transmit
                0x08002d12      0x116 ./Drivers/STM32F4xx_HAL_Driver/Src/stm32f4xx_hal_uart.o
                0x08002d12                HAL_UART_Transmit
 .text.HAL_UART_IRQHandler
                0x08002e28      0x524 ./Drivers/STM32F4xx_HAL_Driver/Src/stm32f4xx_hal_uart.o
                0x08002e28                HAL_UART_IRQHandler
 .text.HAL_UART_TxCpltCallback
                0x0800334c       0x14 ./Drivers/STM32F4xx_HAL_Driver/Src/stm32f4xx_hal_uart.o
                0x0800334c                HAL_UART_TxCpltCallback
 .text.HAL_UART_RxCpltCallback
                0x08003360       0x14 ./Drivers/STM32F4xx_HAL_Driver/Src/stm32f4xx_hal_uart.o
                0x08003360                HAL_UART_RxCpltCallback
 .text.HAL_UART_ErrorCallback
                0x08003374       0x14 ./Drivers/STM32F4xx_HAL_Driver/Src/stm32f4xx_hal_uart.o
                0x08003374                HAL_UART_ErrorCallback
 .text.HAL_UARTEx_RxEventCallback
                0x08003388       0x18 ./Drivers/STM32F4xx_HAL_Driver/Src/stm32f4xx_hal_uart.o
                0x08003388                HAL_UARTEx_RxEventCallback
 .text.UART_WaitOnFlagUntilTimeout
                0x080033a0       0xb2 ./Drivers/STM32F4xx_HAL_Driver/Src/stm32f4xx_hal_uart.o
 .text.UART_EndRxTransfer
                0x08003452       0xc6 ./Drivers/STM32F4xx_HAL_Driver/Src/stm32f4xx_hal_uart.o
 .text.UART_DMAAbortOnError
                0x08003518       0x28 ./Drivers/STM32F4xx_HAL_Driver/Src/stm32f4xx_hal_uart.o
 .text.UART_Transmit_IT
                0x08003540       0xa0 ./Drivers/STM32F4xx_HAL_Driver/Src/stm32f4xx_hal_uart.o
 .text.UART_EndTransmit_IT
                0x080035e0       0x30 ./Drivers/STM32F4xx_HAL_Driver/Src/stm32f4xx_hal_uart.o
 .text.UART_Receive_IT
                0x08003610      0x17c ./Drivers/STM32F4xx_HAL_Driver/Src/stm32f4xx_hal_uart.o
 .text.UART_SetConfig
                0x0800378c      0x4e8 ./Drivers/STM32F4xx_HAL_Driver/Src/stm32f4xx_hal_uart.o
 .text.network_9_configure_activations
                0x08003c74      0xc1c ./X-CUBE-AI/App/network_9.o
 .text.network_9_configure_weights
                0x08004890      0xef8 ./X-CUBE-AI/App/network_9.o
 .text.ai_network_9_create
                0x08005788       0x2c ./X-CUBE-AI/App/network_9.o
                0x08005788                ai_network_9_create
 .text.ai_network_9_init
                0x080057b4       0x78 ./X-CUBE-AI/App/network_9.o
                0x080057b4                ai_network_9_init
 .text.ai_network_9_run
                0x0800582c       0x20 ./X-CUBE-AI/App/network_9.o
                0x0800582c                ai_network_9_run
 .text.ai_buffer_get_size
                0x0800584c       0x68 ../Middlewares/ST/AI/Lib\NetworkRuntime810_CM4_GCC.a(ai_platform.o)
                0x0800584c                ai_buffer_get_size
 .text.ai_buffer_array_sane
                0x080058b4       0x14 ../Middlewares/ST/AI/Lib\NetworkRuntime810_CM4_GCC.a(ai_platform.o)
                0x080058b4                ai_buffer_array_sane
 .text._ai_platform_acquire_crc
                0x080058c8        0x4 ../Middlewares/ST/AI/Lib\NetworkRuntime810_CM4_GCC.a(ai_platform_interface.o)
                0x080058c8                _ai_platform_acquire_crc
 .text._ai_platform_release_crc
                0x080058cc        0x4 ../Middlewares/ST/AI/Lib\NetworkRuntime810_CM4_GCC.a(ai_platform_interface.o)
                0x080058cc                _ai_platform_release_crc
 .text.ai_platform_get_weights_map
                0x080058d0       0xa8 ../Middlewares/ST/AI/Lib\NetworkRuntime810_CM4_GCC.a(ai_platform_interface.o)
                0x080058d0                ai_platform_get_weights_map
 .text.ai_platform_get_activations_map
                0x08005978       0xa8 ../Middlewares/ST/AI/Lib\NetworkRuntime810_CM4_GCC.a(ai_platform_interface.o)
                0x08005978                ai_platform_get_activations_map
 .text.ai_platform_network_set_error
                0x08005a20        0xc ../Middlewares/ST/AI/Lib\NetworkRuntime810_CM4_GCC.a(ai_platform_interface.o)
                0x08005a20                ai_platform_network_set_error
 .text.ai_platform_network_create
                0x08005a2c      0x1ac ../Middlewares/ST/AI/Lib\NetworkRuntime810_CM4_GCC.a(ai_platform_interface.o)
                0x08005a2c                ai_platform_network_create
 .text.ai_platform_network_init
                0x08005bd8      0x1dc ../Middlewares/ST/AI/Lib\NetworkRuntime810_CM4_GCC.a(ai_platform_interface.o)
                0x08005bd8                ai_platform_network_init
 .text.ai_platform_network_post_init
                0x08005db4      0x110 ../Middlewares/ST/AI/Lib\NetworkRuntime810_CM4_GCC.a(ai_platform_interface.o)
                0x08005db4                ai_platform_network_post_init
 .text.ai_platform_network_process
                0x08005ec4      0x508 ../Middlewares/ST/AI/Lib\NetworkRuntime810_CM4_GCC.a(ai_platform_interface.o)
                0x08005ec4                ai_platform_network_process
 .text.core_init
                0x080063cc        0x4 ../Middlewares/ST/AI/Lib\NetworkRuntime810_CM4_GCC.a(core_common.o)
                0x080063cc                core_init
 .text.core_set_error
                0x080063d0       0x18 ../Middlewares/ST/AI/Lib\NetworkRuntime810_CM4_GCC.a(core_common.o)
                0x080063d0                core_set_error
 .text.ai_check_custom_types
                0x080063e8       0x54 ../Middlewares/ST/AI/Lib\NetworkRuntime810_CM4_GCC.a(layers.o)
                0x080063e8                ai_check_custom_types
 .text.ai_layers_init_all
                0x0800643c       0x1c ../Middlewares/ST/AI/Lib\NetworkRuntime810_CM4_GCC.a(layers.o)
                0x0800643c                ai_layers_init_all
 .text.ai_layers_post_init_all
                0x08006458       0x28 ../Middlewares/ST/AI/Lib\NetworkRuntime810_CM4_GCC.a(layers.o)
                0x08006458                ai_layers_post_init_all
 .text.ai_layers_forward_all
                0x08006480       0x94 ../Middlewares/ST/AI/Lib\NetworkRuntime810_CM4_GCC.a(layers.o)
                0x08006480                ai_layers_forward_all
 .text.ai_dict_decompress_f32
                0x08006514       0xa0 ../Middlewares/ST/AI/Lib\NetworkRuntime810_CM4_GCC.a(layers_conv2d_generic_float.o)
                0x08006514                ai_dict_decompress_f32
 .text.forward_conv2d_if32of32wf32
                0x080065b4      0x18c ../Middlewares/ST/AI/Lib\NetworkRuntime810_CM4_GCC.a(layers_conv2d_generic_float.o)
                0x080065b4                forward_conv2d_if32of32wf32
 .text.forward_dw_if32of32wf32
                0x08006740      0x18c ../Middlewares/ST/AI/Lib\NetworkRuntime810_CM4_GCC.a(layers_conv2d_generic_float.o)
                0x08006740                forward_dw_if32of32wf32
 .text.forward_dense
                0x080068cc      0x54c ../Middlewares/ST/AI/Lib\NetworkRuntime810_CM4_GCC.a(layers_conv2d_generic_float.o)
                0x080068cc                forward_dense
 .text.forward_eltwise
                0x08006e18      0x24c ../Middlewares/ST/AI/Lib\NetworkRuntime810_CM4_GCC.a(layers_generic_float.o)
                0x08006e18                forward_eltwise
 .text.forward_relu
                0x08007064      0x268 ../Middlewares/ST/AI/Lib\NetworkRuntime810_CM4_GCC.a(layers_nl_generic_float.o)
                0x08007064                forward_relu
 .text.forward_clip
                0x080072cc       0xb4 ../Middlewares/ST/AI/Lib\NetworkRuntime810_CM4_GCC.a(layers_nl_generic_float.o)
                0x080072cc                forward_clip
 .text.forward_sm
                0x08007380      0x11c ../Middlewares/ST/AI/Lib\NetworkRuntime810_CM4_GCC.a(layers_nl_generic_float.o)
                0x08007380                forward_sm
 .text.forward_ap
                0x0800749c      0x21c ../Middlewares/ST/AI/Lib\NetworkRuntime810_CM4_GCC.a(layers_pool_generic_float.o)
                0x0800749c                forward_ap
 .text.ai_conv2d_kernel_simple_opt_f32.constprop.0
                0x080076b8      0x220 ../Middlewares/ST/AI/Lib\NetworkRuntime810_CM4_GCC.a(forward_lite_conv2d_if32of32wf32.o)
 .text.forward_lite_conv2d_if32of32wf32
                0x080078d8      0x2c4 ../Middlewares/ST/AI/Lib\NetworkRuntime810_CM4_GCC.a(forward_lite_conv2d_if32of32wf32.o)
                0x080078d8                forward_lite_conv2d_if32of32wf32
 .text.forward_lite_dw_if32of32wf32
                0x08007b9c      0x3f0 ../Middlewares/ST/AI/Lib\NetworkRuntime810_CM4_GCC.a(forward_lite_conv2d_if32of32wf32.o)
                0x08007b9c                forward_lite_dw_if32of32wf32
 .text.forward_lite_dense_if32of32wf32
                0x08007f8c      0x248 ../Middlewares/ST/AI/Lib\NetworkRuntime810_CM4_GCC.a(lite_dense_if32.o)
                0x08007f8c                forward_lite_dense_if32of32wf32
 .text.st_int8_copy
                0x080081d4      0x10c ../Middlewares/ST/AI/Lib\NetworkRuntime810_CM4_GCC.a(st_int8_fill.o)
                0x080081d4                st_int8_copy
 .text.ai_sum_f32
                0x080082e0       0x14 ../Middlewares/ST/AI/Lib\NetworkRuntime810_CM4_GCC.a(ai_math_helpers.o)
                0x080082e0                ai_sum_f32
 .text.ai_sum_buffer_f32
                0x080082f4       0x20 ../Middlewares/ST/AI/Lib\NetworkRuntime810_CM4_GCC.a(ai_math_helpers.o)
                0x080082f4                ai_sum_buffer_f32
 .text.ai_array_to_buffer_fmt
                0x08008314       0xd8 ../Middlewares/ST/AI/Lib\NetworkRuntime810_CM4_GCC.a(ai_datatypes_format.o)
                0x08008314                ai_array_to_buffer_fmt
 .text.ai_array_get_byte_size
                0x080083ec       0x50 ../Middlewares/ST/AI/Lib\NetworkRuntime810_CM4_GCC.a(ai_datatypes_format.o)
                0x080083ec                ai_array_get_byte_size
 .text.ai_array_get_data_byte_size
                0x0800843c       0x24 ../Middlewares/ST/AI/Lib\NetworkRuntime810_CM4_GCC.a(ai_datatypes_format.o)
                0x0800843c                ai_array_get_data_byte_size
 .text.ai_version_get
                0x08008460        0xc ../Middlewares/ST/AI/Lib\NetworkRuntime810_CM4_GCC.a(ai_datatypes_internal.o)
                0x08008460                ai_version_get
 .text.get_tensor_byte_size
                0x0800846c       0x30 ../Middlewares/ST/AI/Lib\NetworkRuntime810_CM4_GCC.a(ai_datatypes_internal.o)
                0x0800846c                get_tensor_byte_size
 .text.core_get_broadcasted_shape
                0x0800849c       0x58 ../Middlewares/ST/AI/Lib\NetworkRuntime810_CM4_GCC.a(core_utils.o)
                0x0800849c                core_get_broadcasted_shape
 .text.core_compute_offsets
                0x080084f4      0x124 ../Middlewares/ST/AI/Lib\NetworkRuntime810_CM4_GCC.a(core_utils.o)
                0x080084f4                core_compute_offsets
 .text.malloc   0x08008618       0x10 C:/ST/STM32CubeIDE_1.15.0/STM32CubeIDE/plugins/com.st.stm32cube.ide.mcu.externaltools.gnu-tools-for-stm32.12.3.rel1.win32_1.0.100.202403111256/tools/bin/../lib/gcc/arm-none-eabi/12.3.1/../../../../arm-none-eabi/lib/thumb/v7e-m+fp/hard\libc_nano.a(libc_a-malloc.o)
                0x08008618                malloc
 .text.free     0x08008628       0x10 C:/ST/STM32CubeIDE_1.15.0/STM32CubeIDE/plugins/com.st.stm32cube.ide.mcu.externaltools.gnu-tools-for-stm32.12.3.rel1.win32_1.0.100.202403111256/tools/bin/../lib/gcc/arm-none-eabi/12.3.1/../../../../arm-none-eabi/lib/thumb/v7e-m+fp/hard\libc_nano.a(libc_a-malloc.o)
                0x08008628                free
 .text.sbrk_aligned
                0x08008638       0x44 C:/ST/STM32CubeIDE_1.15.0/STM32CubeIDE/plugins/com.st.stm32cube.ide.mcu.externaltools.gnu-tools-for-stm32.12.3.rel1.win32_1.0.100.202403111256/tools/bin/../lib/gcc/arm-none-eabi/12.3.1/../../../../arm-none-eabi/lib/thumb/v7e-m+fp/hard\libc_nano.a(libc_a-mallocr.o)
 .text._malloc_r
                0x0800867c      0x100 C:/ST/STM32CubeIDE_1.15.0/STM32CubeIDE/plugins/com.st.stm32cube.ide.mcu.externaltools.gnu-tools-for-stm32.12.3.rel1.win32_1.0.100.202403111256/tools/bin/../lib/gcc/arm-none-eabi/12.3.1/../../../../arm-none-eabi/lib/thumb/v7e-m+fp/hard\libc_nano.a(libc_a-mallocr.o)
                0x0800867c                _malloc_r
 .text.__malloc_lock
                0x0800877c        0xc C:/ST/STM32CubeIDE_1.15.0/STM32CubeIDE/plugins/com.st.stm32cube.ide.mcu.externaltools.gnu-tools-for-stm32.12.3.rel1.win32_1.0.100.202403111256/tools/bin/../lib/gcc/arm-none-eabi/12.3.1/../../../../arm-none-eabi/lib/thumb/v7e-m+fp/hard\libc_nano.a(libc_a-mlock.o)
                0x0800877c                __malloc_lock
 .text.__malloc_unlock
                0x08008788        0xc C:/ST/STM32CubeIDE_1.15.0/STM32CubeIDE/plugins/com.st.stm32cube.ide.mcu.externaltools.gnu-tools-for-stm32.12.3.rel1.win32_1.0.100.202403111256/tools/bin/../lib/gcc/arm-none-eabi/12.3.1/../../../../arm-none-eabi/lib/thumb/v7e-m+fp/hard\libc_nano.a(libc_a-mlock.o)
                0x08008788                __malloc_unlock
 .text._realloc_r
                0x08008794       0x5c C:/ST/STM32CubeIDE_1.15.0/STM32CubeIDE/plugins/com.st.stm32cube.ide.mcu.externaltools.gnu-tools-for-stm32.12.3.rel1.win32_1.0.100.202403111256/tools/bin/../lib/gcc/arm-none-eabi/12.3.1/../../../../arm-none-eabi/lib/thumb/v7e-m+fp/hard\libc_nano.a(libc_a-reallocr.o)
                0x08008794                _realloc_r
 .text.__cvt    0x080087f0       0xca C:/ST/STM32CubeIDE_1.15.0/STM32CubeIDE/plugins/com.st.stm32cube.ide.mcu.externaltools.gnu-tools-for-stm32.12.3.rel1.win32_1.0.100.202403111256/tools/bin/../lib/gcc/arm-none-eabi/12.3.1/../../../../arm-none-eabi/lib/thumb/v7e-m+fp/hard\libc_nano.a(libc_a-nano-vfprintf_float.o)
                0x080087f0                __cvt
 .text.__exponent
                0x080088ba       0x74 C:/ST/STM32CubeIDE_1.15.0/STM32CubeIDE/plugins/com.st.stm32cube.ide.mcu.externaltools.gnu-tools-for-stm32.12.3.rel1.win32_1.0.100.202403111256/tools/bin/../lib/gcc/arm-none-eabi/12.3.1/../../../../arm-none-eabi/lib/thumb/v7e-m+fp/hard\libc_nano.a(libc_a-nano-vfprintf_float.o)
                0x080088ba                __exponent
 *fill*         0x0800892e        0x2 
 .text._printf_float
                0x08008930      0x454 C:/ST/STM32CubeIDE_1.15.0/STM32CubeIDE/plugins/com.st.stm32cube.ide.mcu.externaltools.gnu-tools-for-stm32.12.3.rel1.win32_1.0.100.202403111256/tools/bin/../lib/gcc/arm-none-eabi/12.3.1/../../../../arm-none-eabi/lib/thumb/v7e-m+fp/hard\libc_nano.a(libc_a-nano-vfprintf_float.o)
                0x08008930                _printf_float
 .text._printf_common
                0x08008d84       0xda C:/ST/STM32CubeIDE_1.15.0/STM32CubeIDE/plugins/com.st.stm32cube.ide.mcu.externaltools.gnu-tools-for-stm32.12.3.rel1.win32_1.0.100.202403111256/tools/bin/../lib/gcc/arm-none-eabi/12.3.1/../../../../arm-none-eabi/lib/thumb/v7e-m+fp/hard\libc_nano.a(libc_a-nano-vfprintf_i.o)
                0x08008d84                _printf_common
 *fill*         0x08008e5e        0x2 
 .text._printf_i
                0x08008e60      0x240 C:/ST/STM32CubeIDE_1.15.0/STM32CubeIDE/plugins/com.st.stm32cube.ide.mcu.externaltools.gnu-tools-for-stm32.12.3.rel1.win32_1.0.100.202403111256/tools/bin/../lib/gcc/arm-none-eabi/12.3.1/../../../../arm-none-eabi/lib/thumb/v7e-m+fp/hard\libc_nano.a(libc_a-nano-vfprintf_i.o)
                0x08008e60                _printf_i
 .text._fclose_r
                0x080090a0       0xaa C:/ST/STM32CubeIDE_1.15.0/STM32CubeIDE/plugins/com.st.stm32cube.ide.mcu.externaltools.gnu-tools-for-stm32.12.3.rel1.win32_1.0.100.202403111256/tools/bin/../lib/gcc/arm-none-eabi/12.3.1/../../../../arm-none-eabi/lib/thumb/v7e-m+fp/hard\libc_nano.a(libc_a-fclose.o)
                0x080090a0                _fclose_r
 *fill*         0x0800914a        0x2 
 .text.fclose   0x0800914c       0x10 C:/ST/STM32CubeIDE_1.15.0/STM32CubeIDE/plugins/com.st.stm32cube.ide.mcu.externaltools.gnu-tools-for-stm32.12.3.rel1.win32_1.0.100.202403111256/tools/bin/../lib/gcc/arm-none-eabi/12.3.1/../../../../arm-none-eabi/lib/thumb/v7e-m+fp/hard\libc_nano.a(libc_a-fclose.o)
                0x0800914c                fclose
 .text.__sflush_r
                0x0800915c      0x108 C:/ST/STM32CubeIDE_1.15.0/STM32CubeIDE/plugins/com.st.stm32cube.ide.mcu.externaltools.gnu-tools-for-stm32.12.3.rel1.win32_1.0.100.202403111256/tools/bin/../lib/gcc/arm-none-eabi/12.3.1/../../../../arm-none-eabi/lib/thumb/v7e-m+fp/hard\libc_nano.a(libc_a-fflush.o)
                0x0800915c                __sflush_r
 .text._fflush_r
                0x08009264       0x50 C:/ST/STM32CubeIDE_1.15.0/STM32CubeIDE/plugins/com.st.stm32cube.ide.mcu.externaltools.gnu-tools-for-stm32.12.3.rel1.win32_1.0.100.202403111256/tools/bin/../lib/gcc/arm-none-eabi/12.3.1/../../../../arm-none-eabi/lib/thumb/v7e-m+fp/hard\libc_nano.a(libc_a-fflush.o)
                0x08009264                _fflush_r
 .text.std      0x080092b4       0x6c C:/ST/STM32CubeIDE_1.15.0/STM32CubeIDE/plugins/com.st.stm32cube.ide.mcu.externaltools.gnu-tools-for-stm32.12.3.rel1.win32_1.0.100.202403111256/tools/bin/../lib/gcc/arm-none-eabi/12.3.1/../../../../arm-none-eabi/lib/thumb/v7e-m+fp/hard\libc_nano.a(libc_a-findfp.o)
 .text.stdio_exit_handler
                0x08009320       0x18 C:/ST/STM32CubeIDE_1.15.0/STM32CubeIDE/plugins/com.st.stm32cube.ide.mcu.externaltools.gnu-tools-for-stm32.12.3.rel1.win32_1.0.100.202403111256/tools/bin/../lib/gcc/arm-none-eabi/12.3.1/../../../../arm-none-eabi/lib/thumb/v7e-m+fp/hard\libc_nano.a(libc_a-findfp.o)
 .text.cleanup_stdio
                0x08009338       0x40 C:/ST/STM32CubeIDE_1.15.0/STM32CubeIDE/plugins/com.st.stm32cube.ide.mcu.externaltools.gnu-tools-for-stm32.12.3.rel1.win32_1.0.100.202403111256/tools/bin/../lib/gcc/arm-none-eabi/12.3.1/../../../../arm-none-eabi/lib/thumb/v7e-m+fp/hard\libc_nano.a(libc_a-findfp.o)
 .text.global_stdio_init.part.0
                0x08009378       0x3c C:/ST/STM32CubeIDE_1.15.0/STM32CubeIDE/plugins/com.st.stm32cube.ide.mcu.externaltools.gnu-tools-for-stm32.12.3.rel1.win32_1.0.100.202403111256/tools/bin/../lib/gcc/arm-none-eabi/12.3.1/../../../../arm-none-eabi/lib/thumb/v7e-m+fp/hard\libc_nano.a(libc_a-findfp.o)
 .text.__sfp_lock_acquire
                0x080093b4        0xc C:/ST/STM32CubeIDE_1.15.0/STM32CubeIDE/plugins/com.st.stm32cube.ide.mcu.externaltools.gnu-tools-for-stm32.12.3.rel1.win32_1.0.100.202403111256/tools/bin/../lib/gcc/arm-none-eabi/12.3.1/../../../../arm-none-eabi/lib/thumb/v7e-m+fp/hard\libc_nano.a(libc_a-findfp.o)
                0x080093b4                __sfp_lock_acquire
 .text.__sfp_lock_release
                0x080093c0        0xc C:/ST/STM32CubeIDE_1.15.0/STM32CubeIDE/plugins/com.st.stm32cube.ide.mcu.externaltools.gnu-tools-for-stm32.12.3.rel1.win32_1.0.100.202403111256/tools/bin/../lib/gcc/arm-none-eabi/12.3.1/../../../../arm-none-eabi/lib/thumb/v7e-m+fp/hard\libc_nano.a(libc_a-findfp.o)
                0x080093c0                __sfp_lock_release
 .text.__sfp    0x080093cc       0xa4 C:/ST/STM32CubeIDE_1.15.0/STM32CubeIDE/plugins/com.st.stm32cube.ide.mcu.externaltools.gnu-tools-for-stm32.12.3.rel1.win32_1.0.100.202403111256/tools/bin/../lib/gcc/arm-none-eabi/12.3.1/../../../../arm-none-eabi/lib/thumb/v7e-m+fp/hard\libc_nano.a(libc_a-findfp.o)
                0x080093cc                __sfp
 .text.__sinit  0x08009470       0x30 C:/ST/STM32CubeIDE_1.15.0/STM32CubeIDE/plugins/com.st.stm32cube.ide.mcu.externaltools.gnu-tools-for-stm32.12.3.rel1.win32_1.0.100.202403111256/tools/bin/../lib/gcc/arm-none-eabi/12.3.1/../../../../arm-none-eabi/lib/thumb/v7e-m+fp/hard\libc_nano.a(libc_a-findfp.o)
                0x08009470                __sinit
 .text._fopen_r
                0x080094a0       0xa8 C:/ST/STM32CubeIDE_1.15.0/STM32CubeIDE/plugins/com.st.stm32cube.ide.mcu.externaltools.gnu-tools-for-stm32.12.3.rel1.win32_1.0.100.202403111256/tools/bin/../lib/gcc/arm-none-eabi/12.3.1/../../../../arm-none-eabi/lib/thumb/v7e-m+fp/hard\libc_nano.a(libc_a-fopen.o)
                0x080094a0                _fopen_r
 .text.fopen    0x08009548       0x10 C:/ST/STM32CubeIDE_1.15.0/STM32CubeIDE/plugins/com.st.stm32cube.ide.mcu.externaltools.gnu-tools-for-stm32.12.3.rel1.win32_1.0.100.202403111256/tools/bin/../lib/gcc/arm-none-eabi/12.3.1/../../../../arm-none-eabi/lib/thumb/v7e-m+fp/hard\libc_nano.a(libc_a-fopen.o)
                0x08009548                fopen
 .text._fread_r
                0x08009558       0xb8 C:/ST/STM32CubeIDE_1.15.0/STM32CubeIDE/plugins/com.st.stm32cube.ide.mcu.externaltools.gnu-tools-for-stm32.12.3.rel1.win32_1.0.100.202403111256/tools/bin/../lib/gcc/arm-none-eabi/12.3.1/../../../../arm-none-eabi/lib/thumb/v7e-m+fp/hard\libc_nano.a(libc_a-fread.o)
                0x08009558                _fread_r
 .text.fread    0x08009610       0x1c C:/ST/STM32CubeIDE_1.15.0/STM32CubeIDE/plugins/com.st.stm32cube.ide.mcu.externaltools.gnu-tools-for-stm32.12.3.rel1.win32_1.0.100.202403111256/tools/bin/../lib/gcc/arm-none-eabi/12.3.1/../../../../arm-none-eabi/lib/thumb/v7e-m+fp/hard\libc_nano.a(libc_a-fread.o)
                0x08009610                fread
 .text._fseek_r
                0x0800962c        0x4 C:/ST/STM32CubeIDE_1.15.0/STM32CubeIDE/plugins/com.st.stm32cube.ide.mcu.externaltools.gnu-tools-for-stm32.12.3.rel1.win32_1.0.100.202403111256/tools/bin/../lib/gcc/arm-none-eabi/12.3.1/../../../../arm-none-eabi/lib/thumb/v7e-m+fp/hard\libc_nano.a(libc_a-fseek.o)
                0x0800962c                _fseek_r
 .text.fseek    0x08009630       0x14 C:/ST/STM32CubeIDE_1.15.0/STM32CubeIDE/plugins/com.st.stm32cube.ide.mcu.externaltools.gnu-tools-for-stm32.12.3.rel1.win32_1.0.100.202403111256/tools/bin/../lib/gcc/arm-none-eabi/12.3.1/../../../../arm-none-eabi/lib/thumb/v7e-m+fp/hard\libc_nano.a(libc_a-fseek.o)
                0x08009630                fseek
 .text.ftell    0x08009644       0x10 C:/ST/STM32CubeIDE_1.15.0/STM32CubeIDE/plugins/com.st.stm32cube.ide.mcu.externaltools.gnu-tools-for-stm32.12.3.rel1.win32_1.0.100.202403111256/tools/bin/../lib/gcc/arm-none-eabi/12.3.1/../../../../arm-none-eabi/lib/thumb/v7e-m+fp/hard\libc_nano.a(libc_a-ftell.o)
                0x08009644                ftell
 .text._fwalk_sglue
                0x08009654       0x3c C:/ST/STM32CubeIDE_1.15.0/STM32CubeIDE/plugins/com.st.stm32cube.ide.mcu.externaltools.gnu-tools-for-stm32.12.3.rel1.win32_1.0.100.202403111256/tools/bin/../lib/gcc/arm-none-eabi/12.3.1/../../../../arm-none-eabi/lib/thumb/v7e-m+fp/hard\libc_nano.a(libc_a-fwalk.o)
                0x08009654                _fwalk_sglue
 .text.printf   0x08009690       0x24 C:/ST/STM32CubeIDE_1.15.0/STM32CubeIDE/plugins/com.st.stm32cube.ide.mcu.externaltools.gnu-tools-for-stm32.12.3.rel1.win32_1.0.100.202403111256/tools/bin/../lib/gcc/arm-none-eabi/12.3.1/../../../../arm-none-eabi/lib/thumb/v7e-m+fp/hard\libc_nano.a(libc_a-printf.o)
                0x08009690                iprintf
                0x08009690                printf
 .text._puts_r  0x080096b4       0xaa C:/ST/STM32CubeIDE_1.15.0/STM32CubeIDE/plugins/com.st.stm32cube.ide.mcu.externaltools.gnu-tools-for-stm32.12.3.rel1.win32_1.0.100.202403111256/tools/bin/../lib/gcc/arm-none-eabi/12.3.1/../../../../arm-none-eabi/lib/thumb/v7e-m+fp/hard\libc_nano.a(libc_a-puts.o)
                0x080096b4                _puts_r
 *fill*         0x0800975e        0x2 
 .text.puts     0x08009760       0x10 C:/ST/STM32CubeIDE_1.15.0/STM32CubeIDE/plugins/com.st.stm32cube.ide.mcu.externaltools.gnu-tools-for-stm32.12.3.rel1.win32_1.0.100.202403111256/tools/bin/../lib/gcc/arm-none-eabi/12.3.1/../../../../arm-none-eabi/lib/thumb/v7e-m+fp/hard\libc_nano.a(libc_a-puts.o)
                0x08009760                puts
 .text.lflush   0x08009770       0x1c C:/ST/STM32CubeIDE_1.15.0/STM32CubeIDE/plugins/com.st.stm32cube.ide.mcu.externaltools.gnu-tools-for-stm32.12.3.rel1.win32_1.0.100.202403111256/tools/bin/../lib/gcc/arm-none-eabi/12.3.1/../../../../arm-none-eabi/lib/thumb/v7e-m+fp/hard\libc_nano.a(libc_a-refill.o)
 .text.__srefill_r
                0x0800978c       0xe8 C:/ST/STM32CubeIDE_1.15.0/STM32CubeIDE/plugins/com.st.stm32cube.ide.mcu.externaltools.gnu-tools-for-stm32.12.3.rel1.win32_1.0.100.202403111256/tools/bin/../lib/gcc/arm-none-eabi/12.3.1/../../../../arm-none-eabi/lib/thumb/v7e-m+fp/hard\libc_nano.a(libc_a-refill.o)
                0x0800978c                __srefill_r
 .text.sprintf  0x08009874       0x40 C:/ST/STM32CubeIDE_1.15.0/STM32CubeIDE/plugins/com.st.stm32cube.ide.mcu.externaltools.gnu-tools-for-stm32.12.3.rel1.win32_1.0.100.202403111256/tools/bin/../lib/gcc/arm-none-eabi/12.3.1/../../../../arm-none-eabi/lib/thumb/v7e-m+fp/hard\libc_nano.a(libc_a-sprintf.o)
                0x08009874                siprintf
                0x08009874                sprintf
 .text.__sread  0x080098b4       0x22 C:/ST/STM32CubeIDE_1.15.0/STM32CubeIDE/plugins/com.st.stm32cube.ide.mcu.externaltools.gnu-tools-for-stm32.12.3.rel1.win32_1.0.100.202403111256/tools/bin/../lib/gcc/arm-none-eabi/12.3.1/../../../../arm-none-eabi/lib/thumb/v7e-m+fp/hard\libc_nano.a(libc_a-stdio.o)
                0x080098b4                __sread
 .text.__swrite
                0x080098d6       0x38 C:/ST/STM32CubeIDE_1.15.0/STM32CubeIDE/plugins/com.st.stm32cube.ide.mcu.externaltools.gnu-tools-for-stm32.12.3.rel1.win32_1.0.100.202403111256/tools/bin/../lib/gcc/arm-none-eabi/12.3.1/../../../../arm-none-eabi/lib/thumb/v7e-m+fp/hard\libc_nano.a(libc_a-stdio.o)
                0x080098d6                __swrite
 .text.__sseek  0x0800990e       0x24 C:/ST/STM32CubeIDE_1.15.0/STM32CubeIDE/plugins/com.st.stm32cube.ide.mcu.externaltools.gnu-tools-for-stm32.12.3.rel1.win32_1.0.100.202403111256/tools/bin/../lib/gcc/arm-none-eabi/12.3.1/../../../../arm-none-eabi/lib/thumb/v7e-m+fp/hard\libc_nano.a(libc_a-stdio.o)
                0x0800990e                __sseek
 .text.__sclose
                0x08009932        0x8 C:/ST/STM32CubeIDE_1.15.0/STM32CubeIDE/plugins/com.st.stm32cube.ide.mcu.externaltools.gnu-tools-for-stm32.12.3.rel1.win32_1.0.100.202403111256/tools/bin/../lib/gcc/arm-none-eabi/12.3.1/../../../../arm-none-eabi/lib/thumb/v7e-m+fp/hard\libc_nano.a(libc_a-stdio.o)
                0x08009932                __sclose
 .text.__swbuf_r
                0x0800993a       0x7c C:/ST/STM32CubeIDE_1.15.0/STM32CubeIDE/plugins/com.st.stm32cube.ide.mcu.externaltools.gnu-tools-for-stm32.12.3.rel1.win32_1.0.100.202403111256/tools/bin/../lib/gcc/arm-none-eabi/12.3.1/../../../../arm-none-eabi/lib/thumb/v7e-m+fp/hard\libc_nano.a(libc_a-wbuf.o)
                0x0800993a                __swbuf_r
 *fill*         0x080099b6        0x2 
 .text.__swsetup_r
                0x080099b8       0xac C:/ST/STM32CubeIDE_1.15.0/STM32CubeIDE/plugins/com.st.stm32cube.ide.mcu.externaltools.gnu-tools-for-stm32.12.3.rel1.win32_1.0.100.202403111256/tools/bin/../lib/gcc/arm-none-eabi/12.3.1/../../../../arm-none-eabi/lib/thumb/v7e-m+fp/hard\libc_nano.a(libc_a-wsetup.o)
                0x080099b8                __swsetup_r
 .text._fseeko_r
                0x08009a64      0x12e C:/ST/STM32CubeIDE_1.15.0/STM32CubeIDE/plugins/com.st.stm32cube.ide.mcu.externaltools.gnu-tools-for-stm32.12.3.rel1.win32_1.0.100.202403111256/tools/bin/../lib/gcc/arm-none-eabi/12.3.1/../../../../arm-none-eabi/lib/thumb/v7e-m+fp/hard\libc_nano.a(libc_a-fseeko.o)
                0x08009a64                _fseeko_r
 .text._ftello_r
                0x08009b92       0xb6 C:/ST/STM32CubeIDE_1.15.0/STM32CubeIDE/plugins/com.st.stm32cube.ide.mcu.externaltools.gnu-tools-for-stm32.12.3.rel1.win32_1.0.100.202403111256/tools/bin/../lib/gcc/arm-none-eabi/12.3.1/../../../../arm-none-eabi/lib/thumb/v7e-m+fp/hard\libc_nano.a(libc_a-ftello.o)
                0x08009b92                _ftello_r
 .text.memmove  0x08009c48       0x34 C:/ST/STM32CubeIDE_1.15.0/STM32CubeIDE/plugins/com.st.stm32cube.ide.mcu.externaltools.gnu-tools-for-stm32.12.3.rel1.win32_1.0.100.202403111256/tools/bin/../lib/gcc/arm-none-eabi/12.3.1/../../../../arm-none-eabi/lib/thumb/v7e-m+fp/hard\libc_nano.a(libc_a-memmove.o)
                0x08009c48                memmove
 .text.memset   0x08009c7c       0x10 C:/ST/STM32CubeIDE_1.15.0/STM32CubeIDE/plugins/com.st.stm32cube.ide.mcu.externaltools.gnu-tools-for-stm32.12.3.rel1.win32_1.0.100.202403111256/tools/bin/../lib/gcc/arm-none-eabi/12.3.1/../../../../arm-none-eabi/lib/thumb/v7e-m+fp/hard\libc_nano.a(libc_a-memset.o)
                0x08009c7c                memset
 .text._strerror_r
                0x08009c8c      0x3cc C:/ST/STM32CubeIDE_1.15.0/STM32CubeIDE/plugins/com.st.stm32cube.ide.mcu.externaltools.gnu-tools-for-stm32.12.3.rel1.win32_1.0.100.202403111256/tools/bin/../lib/gcc/arm-none-eabi/12.3.1/../../../../arm-none-eabi/lib/thumb/v7e-m+fp/hard\libc_nano.a(libc_a-strerror.o)
                0x08009c8c                _strerror_r
 .text.strerror
                0x0800a058       0x14 C:/ST/STM32CubeIDE_1.15.0/STM32CubeIDE/plugins/com.st.stm32cube.ide.mcu.externaltools.gnu-tools-for-stm32.12.3.rel1.win32_1.0.100.202403111256/tools/bin/../lib/gcc/arm-none-eabi/12.3.1/../../../../arm-none-eabi/lib/thumb/v7e-m+fp/hard\libc_nano.a(libc_a-strerror.o)
                0x0800a058                strerror
 .text._user_strerror
                0x0800a06c        0x4 C:/ST/STM32CubeIDE_1.15.0/STM32CubeIDE/plugins/com.st.stm32cube.ide.mcu.externaltools.gnu-tools-for-stm32.12.3.rel1.win32_1.0.100.202403111256/tools/bin/../lib/gcc/arm-none-eabi/12.3.1/../../../../arm-none-eabi/lib/thumb/v7e-m+fp/hard\libc_nano.a(libc_a-u_strerr.o)
                0x0800a06c                _user_strerror
 .text._localeconv_r
                0x0800a070        0x8 C:/ST/STM32CubeIDE_1.15.0/STM32CubeIDE/plugins/com.st.stm32cube.ide.mcu.externaltools.gnu-tools-for-stm32.12.3.rel1.win32_1.0.100.202403111256/tools/bin/../lib/gcc/arm-none-eabi/12.3.1/../../../../arm-none-eabi/lib/thumb/v7e-m+fp/hard\libc_nano.a(libc_a-localeconv.o)
                0x0800a070                _localeconv_r
 .text._close_r
                0x0800a078       0x20 C:/ST/STM32CubeIDE_1.15.0/STM32CubeIDE/plugins/com.st.stm32cube.ide.mcu.externaltools.gnu-tools-for-stm32.12.3.rel1.win32_1.0.100.202403111256/tools/bin/../lib/gcc/arm-none-eabi/12.3.1/../../../../arm-none-eabi/lib/thumb/v7e-m+fp/hard\libc_nano.a(libc_a-closer.o)
                0x0800a078                _close_r
 .text._lseek_r
                0x0800a098       0x24 C:/ST/STM32CubeIDE_1.15.0/STM32CubeIDE/plugins/com.st.stm32cube.ide.mcu.externaltools.gnu-tools-for-stm32.12.3.rel1.win32_1.0.100.202403111256/tools/bin/../lib/gcc/arm-none-eabi/12.3.1/../../../../arm-none-eabi/lib/thumb/v7e-m+fp/hard\libc_nano.a(libc_a-lseekr.o)
                0x0800a098                _lseek_r
 .text._open_r  0x0800a0bc       0x24 C:/ST/STM32CubeIDE_1.15.0/STM32CubeIDE/plugins/com.st.stm32cube.ide.mcu.externaltools.gnu-tools-for-stm32.12.3.rel1.win32_1.0.100.202403111256/tools/bin/../lib/gcc/arm-none-eabi/12.3.1/../../../../arm-none-eabi/lib/thumb/v7e-m+fp/hard\libc_nano.a(libc_a-openr.o)
                0x0800a0bc                _open_r
 .text._read_r  0x0800a0e0       0x24 C:/ST/STM32CubeIDE_1.15.0/STM32CubeIDE/plugins/com.st.stm32cube.ide.mcu.externaltools.gnu-tools-for-stm32.12.3.rel1.win32_1.0.100.202403111256/tools/bin/../lib/gcc/arm-none-eabi/12.3.1/../../../../arm-none-eabi/lib/thumb/v7e-m+fp/hard\libc_nano.a(libc_a-readr.o)
                0x0800a0e0                _read_r
 .text._sbrk_r  0x0800a104       0x20 C:/ST/STM32CubeIDE_1.15.0/STM32CubeIDE/plugins/com.st.stm32cube.ide.mcu.externaltools.gnu-tools-for-stm32.12.3.rel1.win32_1.0.100.202403111256/tools/bin/../lib/gcc/arm-none-eabi/12.3.1/../../../../arm-none-eabi/lib/thumb/v7e-m+fp/hard\libc_nano.a(libc_a-sbrkr.o)
                0x0800a104                _sbrk_r
 .text._write_r
                0x0800a124       0x24 C:/ST/STM32CubeIDE_1.15.0/STM32CubeIDE/plugins/com.st.stm32cube.ide.mcu.externaltools.gnu-tools-for-stm32.12.3.rel1.win32_1.0.100.202403111256/tools/bin/../lib/gcc/arm-none-eabi/12.3.1/../../../../arm-none-eabi/lib/thumb/v7e-m+fp/hard\libc_nano.a(libc_a-writer.o)
                0x0800a124                _write_r
 .text.__errno  0x0800a148        0xc C:/ST/STM32CubeIDE_1.15.0/STM32CubeIDE/plugins/com.st.stm32cube.ide.mcu.externaltools.gnu-tools-for-stm32.12.3.rel1.win32_1.0.100.202403111256/tools/bin/../lib/gcc/arm-none-eabi/12.3.1/../../../../arm-none-eabi/lib/thumb/v7e-m+fp/hard\libc_nano.a(libc_a-errno.o)
                0x0800a148                __errno
 .text.__libc_init_array
                0x0800a154       0x48 C:/ST/STM32CubeIDE_1.15.0/STM32CubeIDE/plugins/com.st.stm32cube.ide.mcu.externaltools.gnu-tools-for-stm32.12.3.rel1.win32_1.0.100.202403111256/tools/bin/../lib/gcc/arm-none-eabi/12.3.1/../../../../arm-none-eabi/lib/thumb/v7e-m+fp/hard\libc_nano.a(libc_a-init.o)
                0x0800a154                __libc_init_array
 .text.__retarget_lock_init_recursive
                0x0800a19c        0x2 C:/ST/STM32CubeIDE_1.15.0/STM32CubeIDE/plugins/com.st.stm32cube.ide.mcu.externaltools.gnu-tools-for-stm32.12.3.rel1.win32_1.0.100.202403111256/tools/bin/../lib/gcc/arm-none-eabi/12.3.1/../../../../arm-none-eabi/lib/thumb/v7e-m+fp/hard\libc_nano.a(libc_a-lock.o)
                0x0800a19c                __retarget_lock_init_recursive
 .text.__retarget_lock_close_recursive
                0x0800a19e        0x2 C:/ST/STM32CubeIDE_1.15.0/STM32CubeIDE/plugins/com.st.stm32cube.ide.mcu.externaltools.gnu-tools-for-stm32.12.3.rel1.win32_1.0.100.202403111256/tools/bin/../lib/gcc/arm-none-eabi/12.3.1/../../../../arm-none-eabi/lib/thumb/v7e-m+fp/hard\libc_nano.a(libc_a-lock.o)
                0x0800a19e                __retarget_lock_close_recursive
 .text.__retarget_lock_acquire_recursive
                0x0800a1a0        0x2 C:/ST/STM32CubeIDE_1.15.0/STM32CubeIDE/plugins/com.st.stm32cube.ide.mcu.externaltools.gnu-tools-for-stm32.12.3.rel1.win32_1.0.100.202403111256/tools/bin/../lib/gcc/arm-none-eabi/12.3.1/../../../../arm-none-eabi/lib/thumb/v7e-m+fp/hard\libc_nano.a(libc_a-lock.o)
                0x0800a1a0                __retarget_lock_acquire_recursive
 .text.__retarget_lock_release_recursive
                0x0800a1a2        0x2 C:/ST/STM32CubeIDE_1.15.0/STM32CubeIDE/plugins/com.st.stm32cube.ide.mcu.externaltools.gnu-tools-for-stm32.12.3.rel1.win32_1.0.100.202403111256/tools/bin/../lib/gcc/arm-none-eabi/12.3.1/../../../../arm-none-eabi/lib/thumb/v7e-m+fp/hard\libc_nano.a(libc_a-lock.o)
                0x0800a1a2                __retarget_lock_release_recursive
 .text.memcpy   0x0800a1a4       0x1c C:/ST/STM32CubeIDE_1.15.0/STM32CubeIDE/plugins/com.st.stm32cube.ide.mcu.externaltools.gnu-tools-for-stm32.12.3.rel1.win32_1.0.100.202403111256/tools/bin/../lib/gcc/arm-none-eabi/12.3.1/../../../../arm-none-eabi/lib/thumb/v7e-m+fp/hard\libc_nano.a(libc_a-memcpy-stub.o)
                0x0800a1a4                memcpy
 .text.quorem   0x0800a1c0      0x110 C:/ST/STM32CubeIDE_1.15.0/STM32CubeIDE/plugins/com.st.stm32cube.ide.mcu.externaltools.gnu-tools-for-stm32.12.3.rel1.win32_1.0.100.202403111256/tools/bin/../lib/gcc/arm-none-eabi/12.3.1/../../../../arm-none-eabi/lib/thumb/v7e-m+fp/hard\libc_nano.a(libc_a-dtoa.o)
 .text._dtoa_r  0x0800a2d0      0xb88 C:/ST/STM32CubeIDE_1.15.0/STM32CubeIDE/plugins/com.st.stm32cube.ide.mcu.externaltools.gnu-tools-for-stm32.12.3.rel1.win32_1.0.100.202403111256/tools/bin/../lib/gcc/arm-none-eabi/12.3.1/../../../../arm-none-eabi/lib/thumb/v7e-m+fp/hard\libc_nano.a(libc_a-dtoa.o)
                0x0800a2d0                _dtoa_r
 .text._free_r  0x0800ae58       0x94 C:/ST/STM32CubeIDE_1.15.0/STM32CubeIDE/plugins/com.st.stm32cube.ide.mcu.externaltools.gnu-tools-for-stm32.12.3.rel1.win32_1.0.100.202403111256/tools/bin/../lib/gcc/arm-none-eabi/12.3.1/../../../../arm-none-eabi/lib/thumb/v7e-m+fp/hard\libc_nano.a(libc_a-freer.o)
                0x0800ae58                _free_r
 .text._Balloc  0x0800aeec       0x80 C:/ST/STM32CubeIDE_1.15.0/STM32CubeIDE/plugins/com.st.stm32cube.ide.mcu.externaltools.gnu-tools-for-stm32.12.3.rel1.win32_1.0.100.202403111256/tools/bin/../lib/gcc/arm-none-eabi/12.3.1/../../../../arm-none-eabi/lib/thumb/v7e-m+fp/hard\libc_nano.a(libc_a-mprec.o)
                0x0800aeec                _Balloc
 .text._Bfree   0x0800af6c       0x44 C:/ST/STM32CubeIDE_1.15.0/STM32CubeIDE/plugins/com.st.stm32cube.ide.mcu.externaltools.gnu-tools-for-stm32.12.3.rel1.win32_1.0.100.202403111256/tools/bin/../lib/gcc/arm-none-eabi/12.3.1/../../../../arm-none-eabi/lib/thumb/v7e-m+fp/hard\libc_nano.a(libc_a-mprec.o)
                0x0800af6c                _Bfree
 .text.__multadd
                0x0800afb0       0x8c C:/ST/STM32CubeIDE_1.15.0/STM32CubeIDE/plugins/com.st.stm32cube.ide.mcu.externaltools.gnu-tools-for-stm32.12.3.rel1.win32_1.0.100.202403111256/tools/bin/../lib/gcc/arm-none-eabi/12.3.1/../../../../arm-none-eabi/lib/thumb/v7e-m+fp/hard\libc_nano.a(libc_a-mprec.o)
                0x0800afb0                __multadd
 .text.__hi0bits
                0x0800b03c       0x3e C:/ST/STM32CubeIDE_1.15.0/STM32CubeIDE/plugins/com.st.stm32cube.ide.mcu.externaltools.gnu-tools-for-stm32.12.3.rel1.win32_1.0.100.202403111256/tools/bin/../lib/gcc/arm-none-eabi/12.3.1/../../../../arm-none-eabi/lib/thumb/v7e-m+fp/hard\libc_nano.a(libc_a-mprec.o)
                0x0800b03c                __hi0bits
 .text.__lo0bits
                0x0800b07a       0x5a C:/ST/STM32CubeIDE_1.15.0/STM32CubeIDE/plugins/com.st.stm32cube.ide.mcu.externaltools.gnu-tools-for-stm32.12.3.rel1.win32_1.0.100.202403111256/tools/bin/../lib/gcc/arm-none-eabi/12.3.1/../../../../arm-none-eabi/lib/thumb/v7e-m+fp/hard\libc_nano.a(libc_a-mprec.o)
                0x0800b07a                __lo0bits
 .text.__i2b    0x0800b0d4       0x2c C:/ST/STM32CubeIDE_1.15.0/STM32CubeIDE/plugins/com.st.stm32cube.ide.mcu.externaltools.gnu-tools-for-stm32.12.3.rel1.win32_1.0.100.202403111256/tools/bin/../lib/gcc/arm-none-eabi/12.3.1/../../../../arm-none-eabi/lib/thumb/v7e-m+fp/hard\libc_nano.a(libc_a-mprec.o)
                0x0800b0d4                __i2b
 .text.__multiply
                0x0800b100      0x154 C:/ST/STM32CubeIDE_1.15.0/STM32CubeIDE/plugins/com.st.stm32cube.ide.mcu.externaltools.gnu-tools-for-stm32.12.3.rel1.win32_1.0.100.202403111256/tools/bin/../lib/gcc/arm-none-eabi/12.3.1/../../../../arm-none-eabi/lib/thumb/v7e-m+fp/hard\libc_nano.a(libc_a-mprec.o)
                0x0800b100                __multiply
 .text.__pow5mult
                0x0800b254       0xb4 C:/ST/STM32CubeIDE_1.15.0/STM32CubeIDE/plugins/com.st.stm32cube.ide.mcu.externaltools.gnu-tools-for-stm32.12.3.rel1.win32_1.0.100.202403111256/tools/bin/../lib/gcc/arm-none-eabi/12.3.1/../../../../arm-none-eabi/lib/thumb/v7e-m+fp/hard\libc_nano.a(libc_a-mprec.o)
                0x0800b254                __pow5mult
 .text.__lshift
                0x0800b308       0xd8 C:/ST/STM32CubeIDE_1.15.0/STM32CubeIDE/plugins/com.st.stm32cube.ide.mcu.externaltools.gnu-tools-for-stm32.12.3.rel1.win32_1.0.100.202403111256/tools/bin/../lib/gcc/arm-none-eabi/12.3.1/../../../../arm-none-eabi/lib/thumb/v7e-m+fp/hard\libc_nano.a(libc_a-mprec.o)
                0x0800b308                __lshift
 .text.__mcmp   0x0800b3e0       0x36 C:/ST/STM32CubeIDE_1.15.0/STM32CubeIDE/plugins/com.st.stm32cube.ide.mcu.externaltools.gnu-tools-for-stm32.12.3.rel1.win32_1.0.100.202403111256/tools/bin/../lib/gcc/arm-none-eabi/12.3.1/../../../../arm-none-eabi/lib/thumb/v7e-m+fp/hard\libc_nano.a(libc_a-mprec.o)
                0x0800b3e0                __mcmp
 *fill*         0x0800b416        0x2 
 .text.__mdiff  0x0800b418      0x128 C:/ST/STM32CubeIDE_1.15.0/STM32CubeIDE/plugins/com.st.stm32cube.ide.mcu.externaltools.gnu-tools-for-stm32.12.3.rel1.win32_1.0.100.202403111256/tools/bin/../lib/gcc/arm-none-eabi/12.3.1/../../../../arm-none-eabi/lib/thumb/v7e-m+fp/hard\libc_nano.a(libc_a-mprec.o)
                0x0800b418                __mdiff
 .text.__d2b    0x0800b540       0xb0 C:/ST/STM32CubeIDE_1.15.0/STM32CubeIDE/plugins/com.st.stm32cube.ide.mcu.externaltools.gnu-tools-for-stm32.12.3.rel1.win32_1.0.100.202403111256/tools/bin/../lib/gcc/arm-none-eabi/12.3.1/../../../../arm-none-eabi/lib/thumb/v7e-m+fp/hard\libc_nano.a(libc_a-mprec.o)
                0x0800b540                __d2b
 .text._malloc_usable_size_r
                0x0800b5f0       0x10 C:/ST/STM32CubeIDE_1.15.0/STM32CubeIDE/plugins/com.st.stm32cube.ide.mcu.externaltools.gnu-tools-for-stm32.12.3.rel1.win32_1.0.100.202403111256/tools/bin/../lib/gcc/arm-none-eabi/12.3.1/../../../../arm-none-eabi/lib/thumb/v7e-m+fp/hard\libc_nano.a(libc_a-msizer.o)
                0x0800b5f0                _malloc_usable_size_r
 .text.__ssputs_r
                0x0800b600       0xb6 C:/ST/STM32CubeIDE_1.15.0/STM32CubeIDE/plugins/com.st.stm32cube.ide.mcu.externaltools.gnu-tools-for-stm32.12.3.rel1.win32_1.0.100.202403111256/tools/bin/../lib/gcc/arm-none-eabi/12.3.1/../../../../arm-none-eabi/lib/thumb/v7e-m+fp/hard\libc_nano.a(libc_a-nano-svfprintf.o)
                0x0800b600                __ssputs_r
 *fill*         0x0800b6b6        0x2 
 .text._svfprintf_r
                0x0800b6b8      0x1f8 C:/ST/STM32CubeIDE_1.15.0/STM32CubeIDE/plugins/com.st.stm32cube.ide.mcu.externaltools.gnu-tools-for-stm32.12.3.rel1.win32_1.0.100.202403111256/tools/bin/../lib/gcc/arm-none-eabi/12.3.1/../../../../arm-none-eabi/lib/thumb/v7e-m+fp/hard\libc_nano.a(libc_a-nano-svfprintf.o)
                0x0800b6b8                _svfiprintf_r
                0x0800b6b8                _svfprintf_r
 .text.__sfputc_r
                0x0800b8b0       0x2e C:/ST/STM32CubeIDE_1.15.0/STM32CubeIDE/plugins/com.st.stm32cube.ide.mcu.externaltools.gnu-tools-for-stm32.12.3.rel1.win32_1.0.100.202403111256/tools/bin/../lib/gcc/arm-none-eabi/12.3.1/../../../../arm-none-eabi/lib/thumb/v7e-m+fp/hard\libc_nano.a(libc_a-nano-vfprintf.o)
 .text.__sfputs_r
                0x0800b8de       0x24 C:/ST/STM32CubeIDE_1.15.0/STM32CubeIDE/plugins/com.st.stm32cube.ide.mcu.externaltools.gnu-tools-for-stm32.12.3.rel1.win32_1.0.100.202403111256/tools/bin/../lib/gcc/arm-none-eabi/12.3.1/../../../../arm-none-eabi/lib/thumb/v7e-m+fp/hard\libc_nano.a(libc_a-nano-vfprintf.o)
                0x0800b8de                __sfputs_r
 *fill*         0x0800b902        0x2 
 .text._vfprintf_r
                0x0800b904      0x230 C:/ST/STM32CubeIDE_1.15.0/STM32CubeIDE/plugins/com.st.stm32cube.ide.mcu.externaltools.gnu-tools-for-stm32.12.3.rel1.win32_1.0.100.202403111256/tools/bin/../lib/gcc/arm-none-eabi/12.3.1/../../../../arm-none-eabi/lib/thumb/v7e-m+fp/hard\libc_nano.a(libc_a-nano-vfprintf.o)
                0x0800b904                _vfprintf_r
                0x0800b904                _vfiprintf_r
 .text.__sflags
                0x0800bb34       0x6c C:/ST/STM32CubeIDE_1.15.0/STM32CubeIDE/plugins/com.st.stm32cube.ide.mcu.externaltools.gnu-tools-for-stm32.12.3.rel1.win32_1.0.100.202403111256/tools/bin/../lib/gcc/arm-none-eabi/12.3.1/../../../../arm-none-eabi/lib/thumb/v7e-m+fp/hard\libc_nano.a(libc_a-flags.o)
                0x0800bb34                __sflags
 .text.__swhatbuf_r
                0x0800bba0       0x4c C:/ST/STM32CubeIDE_1.15.0/STM32CubeIDE/plugins/com.st.stm32cube.ide.mcu.externaltools.gnu-tools-for-stm32.12.3.rel1.win32_1.0.100.202403111256/tools/bin/../lib/gcc/arm-none-eabi/12.3.1/../../../../arm-none-eabi/lib/thumb/v7e-m+fp/hard\libc_nano.a(libc_a-makebuf.o)
                0x0800bba0                __swhatbuf_r
 .text.__smakebuf_r
                0x0800bbec       0x78 C:/ST/STM32CubeIDE_1.15.0/STM32CubeIDE/plugins/com.st.stm32cube.ide.mcu.externaltools.gnu-tools-for-stm32.12.3.rel1.win32_1.0.100.202403111256/tools/bin/../lib/gcc/arm-none-eabi/12.3.1/../../../../arm-none-eabi/lib/thumb/v7e-m+fp/hard\libc_nano.a(libc_a-makebuf.o)
                0x0800bbec                __smakebuf_r
 .text._fstat_r
                0x0800bc64       0x24 C:/ST/STM32CubeIDE_1.15.0/STM32CubeIDE/plugins/com.st.stm32cube.ide.mcu.externaltools.gnu-tools-for-stm32.12.3.rel1.win32_1.0.100.202403111256/tools/bin/../lib/gcc/arm-none-eabi/12.3.1/../../../../arm-none-eabi/lib/thumb/v7e-m+fp/hard\libc_nano.a(libc_a-fstatr.o)
                0x0800bc64                _fstat_r
 .text._isatty_r
                0x0800bc88       0x20 C:/ST/STM32CubeIDE_1.15.0/STM32CubeIDE/plugins/com.st.stm32cube.ide.mcu.externaltools.gnu-tools-for-stm32.12.3.rel1.win32_1.0.100.202403111256/tools/bin/../lib/gcc/arm-none-eabi/12.3.1/../../../../arm-none-eabi/lib/thumb/v7e-m+fp/hard\libc_nano.a(libc_a-isattyr.o)
                0x0800bc88                _isatty_r
 .text.__assert_func
                0x0800bca8       0x3c C:/ST/STM32CubeIDE_1.15.0/STM32CubeIDE/plugins/com.st.stm32cube.ide.mcu.externaltools.gnu-tools-for-stm32.12.3.rel1.win32_1.0.100.202403111256/tools/bin/../lib/gcc/arm-none-eabi/12.3.1/../../../../arm-none-eabi/lib/thumb/v7e-m+fp/hard\libc_nano.a(libc_a-assert.o)
                0x0800bca8                __assert_func
 .text._calloc_r
                0x0800bce4       0x28 C:/ST/STM32CubeIDE_1.15.0/STM32CubeIDE/plugins/com.st.stm32cube.ide.mcu.externaltools.gnu-tools-for-stm32.12.3.rel1.win32_1.0.100.202403111256/tools/bin/../lib/gcc/arm-none-eabi/12.3.1/../../../../arm-none-eabi/lib/thumb/v7e-m+fp/hard\libc_nano.a(libc_a-callocr.o)
                0x0800bce4                _calloc_r
 .text.__ascii_mbtowc
                0x0800bd0c       0x24 C:/ST/STM32CubeIDE_1.15.0/STM32CubeIDE/plugins/com.st.stm32cube.ide.mcu.externaltools.gnu-tools-for-stm32.12.3.rel1.win32_1.0.100.202403111256/tools/bin/../lib/gcc/arm-none-eabi/12.3.1/../../../../arm-none-eabi/lib/thumb/v7e-m+fp/hard\libc_nano.a(libc_a-mbtowc_r.o)
                0x0800bd0c                __ascii_mbtowc
 .text.__ascii_wctomb
                0x0800bd30       0x1a C:/ST/STM32CubeIDE_1.15.0/STM32CubeIDE/plugins/com.st.stm32cube.ide.mcu.externaltools.gnu-tools-for-stm32.12.3.rel1.win32_1.0.100.202403111256/tools/bin/../lib/gcc/arm-none-eabi/12.3.1/../../../../arm-none-eabi/lib/thumb/v7e-m+fp/hard\libc_nano.a(libc_a-wctomb_r.o)
                0x0800bd30                __ascii_wctomb
 *fill*         0x0800bd4a        0x2 
 .text.fprintf  0x0800bd4c       0x24 C:/ST/STM32CubeIDE_1.15.0/STM32CubeIDE/plugins/com.st.stm32cube.ide.mcu.externaltools.gnu-tools-for-stm32.12.3.rel1.win32_1.0.100.202403111256/tools/bin/../lib/gcc/arm-none-eabi/12.3.1/../../../../arm-none-eabi/lib/thumb/v7e-m+fp/hard\libc_nano.a(libc_a-fprintf.o)
                0x0800bd4c                fiprintf
                0x0800bd4c                fprintf
 .text.abort    0x0800bd70        0xe C:/ST/STM32CubeIDE_1.15.0/STM32CubeIDE/plugins/com.st.stm32cube.ide.mcu.externaltools.gnu-tools-for-stm32.12.3.rel1.win32_1.0.100.202403111256/tools/bin/../lib/gcc/arm-none-eabi/12.3.1/../../../../arm-none-eabi/lib/thumb/v7e-m+fp/hard\libc_nano.a(libc_a-abort.o)
                0x0800bd70                abort
 .text._raise_r
                0x0800bd7e       0x50 C:/ST/STM32CubeIDE_1.15.0/STM32CubeIDE/plugins/com.st.stm32cube.ide.mcu.externaltools.gnu-tools-for-stm32.12.3.rel1.win32_1.0.100.202403111256/tools/bin/../lib/gcc/arm-none-eabi/12.3.1/../../../../arm-none-eabi/lib/thumb/v7e-m+fp/hard\libc_nano.a(libc_a-signal.o)
                0x0800bd7e                _raise_r
 *fill*         0x0800bdce        0x2 
 .text.raise    0x0800bdd0       0x10 C:/ST/STM32CubeIDE_1.15.0/STM32CubeIDE/plugins/com.st.stm32cube.ide.mcu.externaltools.gnu-tools-for-stm32.12.3.rel1.win32_1.0.100.202403111256/tools/bin/../lib/gcc/arm-none-eabi/12.3.1/../../../../arm-none-eabi/lib/thumb/v7e-m+fp/hard\libc_nano.a(libc_a-signal.o)
                0x0800bdd0                raise
 .text._kill_r  0x0800bde0       0x24 C:/ST/STM32CubeIDE_1.15.0/STM32CubeIDE/plugins/com.st.stm32cube.ide.mcu.externaltools.gnu-tools-for-stm32.12.3.rel1.win32_1.0.100.202403111256/tools/bin/../lib/gcc/arm-none-eabi/12.3.1/../../../../arm-none-eabi/lib/thumb/v7e-m+fp/hard\libc_nano.a(libc_a-signalr.o)
                0x0800bde0                _kill_r
 .text._getpid_r
                0x0800be04        0x4 C:/ST/STM32CubeIDE_1.15.0/STM32CubeIDE/plugins/com.st.stm32cube.ide.mcu.externaltools.gnu-tools-for-stm32.12.3.rel1.win32_1.0.100.202403111256/tools/bin/../lib/gcc/arm-none-eabi/12.3.1/../../../../arm-none-eabi/lib/thumb/v7e-m+fp/hard\libc_nano.a(libc_a-signalr.o)
                0x0800be04                _getpid_r
 .text.expf     0x0800be08       0x6c C:/ST/STM32CubeIDE_1.15.0/STM32CubeIDE/plugins/com.st.stm32cube.ide.mcu.externaltools.gnu-tools-for-stm32.12.3.rel1.win32_1.0.100.202403111256/tools/bin/../lib/gcc/arm-none-eabi/12.3.1/../../../../arm-none-eabi/lib/thumb/v7e-m+fp/hard\libm.a(libm_a-wf_exp.o)
                0x0800be08                expf
 .text.finitef  0x0800be74       0x14 C:/ST/STM32CubeIDE_1.15.0/STM32CubeIDE/plugins/com.st.stm32cube.ide.mcu.externaltools.gnu-tools-for-stm32.12.3.rel1.win32_1.0.100.202403111256/tools/bin/../lib/gcc/arm-none-eabi/12.3.1/../../../../arm-none-eabi/lib/thumb/v7e-m+fp/hard\libm.a(libm_a-sf_finite.o)
                0x0800be74                finitef
 .text.with_errnof
                0x0800be88       0x1c C:/ST/STM32CubeIDE_1.15.0/STM32CubeIDE/plugins/com.st.stm32cube.ide.mcu.externaltools.gnu-tools-for-stm32.12.3.rel1.win32_1.0.100.202403111256/tools/bin/../lib/gcc/arm-none-eabi/12.3.1/../../../../arm-none-eabi/lib/thumb/v7e-m+fp/hard\libm.a(libm_a-math_errf.o)
 .text.xflowf   0x0800bea4       0x16 C:/ST/STM32CubeIDE_1.15.0/STM32CubeIDE/plugins/com.st.stm32cube.ide.mcu.externaltools.gnu-tools-for-stm32.12.3.rel1.win32_1.0.100.202403111256/tools/bin/../lib/gcc/arm-none-eabi/12.3.1/../../../../arm-none-eabi/lib/thumb/v7e-m+fp/hard\libm.a(libm_a-math_errf.o)
 *fill*         0x0800beba        0x2 
 .text.__math_uflowf
                0x0800bebc        0xc C:/ST/STM32CubeIDE_1.15.0/STM32CubeIDE/plugins/com.st.stm32cube.ide.mcu.externaltools.gnu-tools-for-stm32.12.3.rel1.win32_1.0.100.202403111256/tools/bin/../lib/gcc/arm-none-eabi/12.3.1/../../../../arm-none-eabi/lib/thumb/v7e-m+fp/hard\libm.a(libm_a-math_errf.o)
                0x0800bebc                __math_uflowf
 .text.__math_oflowf
                0x0800bec8        0xc C:/ST/STM32CubeIDE_1.15.0/STM32CubeIDE/plugins/com.st.stm32cube.ide.mcu.externaltools.gnu-tools-for-stm32.12.3.rel1.win32_1.0.100.202403111256/tools/bin/../lib/gcc/arm-none-eabi/12.3.1/../../../../arm-none-eabi/lib/thumb/v7e-m+fp/hard\libm.a(libm_a-math_errf.o)
                0x0800bec8                __math_oflowf
 .text.__ieee754_expf
                0x0800bed4      0x19c C:/ST/STM32CubeIDE_1.15.0/STM32CubeIDE/plugins/com.st.stm32cube.ide.mcu.externaltools.gnu-tools-for-stm32.12.3.rel1.win32_1.0.100.202403111256/tools/bin/../lib/gcc/arm-none-eabi/12.3.1/../../../../arm-none-eabi/lib/thumb/v7e-m+fp/hard\libm.a(libm_a-ef_exp.o)
                0x0800bed4                __ieee754_expf
 .text._close   0x0800c070       0x10 C:/ST/STM32CubeIDE_1.15.0/STM32CubeIDE/plugins/com.st.stm32cube.ide.mcu.externaltools.gnu-tools-for-stm32.12.3.rel1.win32_1.0.100.202403111256/tools/bin/../lib/gcc/arm-none-eabi/12.3.1/../../../../arm-none-eabi/lib/thumb/v7e-m+fp/hard\libnosys.a(close.o)
                0x0800c070                _close
 .text._fstat   0x0800c080       0x10 C:/ST/STM32CubeIDE_1.15.0/STM32CubeIDE/plugins/com.st.stm32cube.ide.mcu.externaltools.gnu-tools-for-stm32.12.3.rel1.win32_1.0.100.202403111256/tools/bin/../lib/gcc/arm-none-eabi/12.3.1/../../../../arm-none-eabi/lib/thumb/v7e-m+fp/hard\libnosys.a(fstat.o)
                0x0800c080                _fstat
 .text._getpid  0x0800c090       0x10 C:/ST/STM32CubeIDE_1.15.0/STM32CubeIDE/plugins/com.st.stm32cube.ide.mcu.externaltools.gnu-tools-for-stm32.12.3.rel1.win32_1.0.100.202403111256/tools/bin/../lib/gcc/arm-none-eabi/12.3.1/../../../../arm-none-eabi/lib/thumb/v7e-m+fp/hard\libnosys.a(getpid.o)
                0x0800c090                _getpid
 .text._isatty  0x0800c0a0       0x10 C:/ST/STM32CubeIDE_1.15.0/STM32CubeIDE/plugins/com.st.stm32cube.ide.mcu.externaltools.gnu-tools-for-stm32.12.3.rel1.win32_1.0.100.202403111256/tools/bin/../lib/gcc/arm-none-eabi/12.3.1/../../../../arm-none-eabi/lib/thumb/v7e-m+fp/hard\libnosys.a(isatty.o)
                0x0800c0a0                _isatty
 .text._kill    0x0800c0b0       0x10 C:/ST/STM32CubeIDE_1.15.0/STM32CubeIDE/plugins/com.st.stm32cube.ide.mcu.externaltools.gnu-tools-for-stm32.12.3.rel1.win32_1.0.100.202403111256/tools/bin/../lib/gcc/arm-none-eabi/12.3.1/../../../../arm-none-eabi/lib/thumb/v7e-m+fp/hard\libnosys.a(kill.o)
                0x0800c0b0                _kill
 .text._lseek   0x0800c0c0       0x10 C:/ST/STM32CubeIDE_1.15.0/STM32CubeIDE/plugins/com.st.stm32cube.ide.mcu.externaltools.gnu-tools-for-stm32.12.3.rel1.win32_1.0.100.202403111256/tools/bin/../lib/gcc/arm-none-eabi/12.3.1/../../../../arm-none-eabi/lib/thumb/v7e-m+fp/hard\libnosys.a(lseek.o)
                0x0800c0c0                _lseek
 .text._open    0x0800c0d0       0x10 C:/ST/STM32CubeIDE_1.15.0/STM32CubeIDE/plugins/com.st.stm32cube.ide.mcu.externaltools.gnu-tools-for-stm32.12.3.rel1.win32_1.0.100.202403111256/tools/bin/../lib/gcc/arm-none-eabi/12.3.1/../../../../arm-none-eabi/lib/thumb/v7e-m+fp/hard\libnosys.a(open.o)
                0x0800c0d0                _open
 .text._read    0x0800c0e0       0x10 C:/ST/STM32CubeIDE_1.15.0/STM32CubeIDE/plugins/com.st.stm32cube.ide.mcu.externaltools.gnu-tools-for-stm32.12.3.rel1.win32_1.0.100.202403111256/tools/bin/../lib/gcc/arm-none-eabi/12.3.1/../../../../arm-none-eabi/lib/thumb/v7e-m+fp/hard\libnosys.a(read.o)
                0x0800c0e0                _read
 .text._write   0x0800c0f0       0x10 C:/ST/STM32CubeIDE_1.15.0/STM32CubeIDE/plugins/com.st.stm32cube.ide.mcu.externaltools.gnu-tools-for-stm32.12.3.rel1.win32_1.0.100.202403111256/tools/bin/../lib/gcc/arm-none-eabi/12.3.1/../../../../arm-none-eabi/lib/thumb/v7e-m+fp/hard\libnosys.a(write.o)
                0x0800c0f0                _write
 .text._exit    0x0800c100        0x2 C:/ST/STM32CubeIDE_1.15.0/STM32CubeIDE/plugins/com.st.stm32cube.ide.mcu.externaltools.gnu-tools-for-stm32.12.3.rel1.win32_1.0.100.202403111256/tools/bin/../lib/gcc/arm-none-eabi/12.3.1/../../../../arm-none-eabi/lib/thumb/v7e-m+fp/hard\libnosys.a(_exit.o)
                0x0800c100                _exit
 *(.glue_7)
 .glue_7        0x0800c102        0x0 linker stubs
 *(.glue_7t)
 .glue_7t       0x0800c102        0x0 linker stubs
 *(.eh_frame)
 *fill*         0x0800c102        0x2 
 .eh_frame      0x0800c104        0x0 C:/ST/STM32CubeIDE_1.15.0/STM32CubeIDE/plugins/com.st.stm32cube.ide.mcu.externaltools.gnu-tools-for-stm32.12.3.rel1.win32_1.0.100.202403111256/tools/bin/../lib/gcc/arm-none-eabi/12.3.1/thumb/v7e-m+fp/hard/crtbegin.o
 *(.init)
 .init          0x0800c104        0x4 C:/ST/STM32CubeIDE_1.15.0/STM32CubeIDE/plugins/com.st.stm32cube.ide.mcu.externaltools.gnu-tools-for-stm32.12.3.rel1.win32_1.0.100.202403111256/tools/bin/../lib/gcc/arm-none-eabi/12.3.1/thumb/v7e-m+fp/hard/crti.o
                0x0800c104                _init
 .init          0x0800c108        0x8 C:/ST/STM32CubeIDE_1.15.0/STM32CubeIDE/plugins/com.st.stm32cube.ide.mcu.externaltools.gnu-tools-for-stm32.12.3.rel1.win32_1.0.100.202403111256/tools/bin/../lib/gcc/arm-none-eabi/12.3.1/thumb/v7e-m+fp/hard/crtn.o
 *(.fini)
 .fini          0x0800c110        0x4 C:/ST/STM32CubeIDE_1.15.0/STM32CubeIDE/plugins/com.st.stm32cube.ide.mcu.externaltools.gnu-tools-for-stm32.12.3.rel1.win32_1.0.100.202403111256/tools/bin/../lib/gcc/arm-none-eabi/12.3.1/thumb/v7e-m+fp/hard/crti.o
                0x0800c110                _fini
 .fini          0x0800c114        0x8 C:/ST/STM32CubeIDE_1.15.0/STM32CubeIDE/plugins/com.st.stm32cube.ide.mcu.externaltools.gnu-tools-for-stm32.12.3.rel1.win32_1.0.100.202403111256/tools/bin/../lib/gcc/arm-none-eabi/12.3.1/thumb/v7e-m+fp/hard/crtn.o
                0x0800c11c                        . = ALIGN (0x4)
                0x0800c11c                        _etext = .

.vfp11_veneer   0x0800c11c        0x0
 .vfp11_veneer  0x0800c11c        0x0 linker stubs

.v4_bx          0x0800c11c        0x0
 .v4_bx         0x0800c11c        0x0 linker stubs

.iplt           0x0800c11c        0x0
 .iplt          0x0800c11c        0x0 C:/ST/STM32CubeIDE_1.15.0/STM32CubeIDE/plugins/com.st.stm32cube.ide.mcu.externaltools.gnu-tools-for-stm32.12.3.rel1.win32_1.0.100.202403111256/tools/bin/../lib/gcc/arm-none-eabi/12.3.1/thumb/v7e-m+fp/hard/crtbegin.o

.rodata         0x0800c120     0x1238
                0x0800c120                        . = ALIGN (0x4)
 *(.rodata)
 .rodata        0x0800c120      0x187 ./Core/Src/main.o
 *(.rodata*)
 *fill*         0x0800c2a7        0x1 
 .rodata.AHBPrescTable
                0x0800c2a8       0x10 ./Core/Src/system_stm32f4xx.o
                0x0800c2a8                AHBPrescTable
 .rodata.APBPrescTable
                0x0800c2b8        0x8 ./Core/Src/system_stm32f4xx.o
                0x0800c2b8                APBPrescTable
 .rodata.dense_Dense2_chain
                0x0800c2c0        0x8 ./X-CUBE-AI/App/network_9.o
 .rodata.dense_Dense2_dense_chain
                0x0800c2c8        0x8 ./X-CUBE-AI/App/network_9.o
 .rodata.dense_Dense1_chain
                0x0800c2d0        0x8 ./X-CUBE-AI/App/network_9.o
 .rodata.dense_Dense1_dense_chain
                0x0800c2d8        0x8 ./X-CUBE-AI/App/network_9.o
 .rodata.global_average_pooling2d_GlobalAveragePooling2D1_chain
                0x0800c2e0        0x8 ./X-CUBE-AI/App/network_9.o
 .rodata.out_relu_nl_params_data
                0x0800c2e8        0x8 ./X-CUBE-AI/App/network_9.o
 .rodata.out_relu_nl_params
                0x0800c2f0       0x10 ./X-CUBE-AI/App/network_9.o
 .rodata.out_relu_chain
                0x0800c300        0x8 ./X-CUBE-AI/App/network_9.o
 .rodata.Conv_1_conv2d_chain
                0x0800c308        0x8 ./X-CUBE-AI/App/network_9.o
 .rodata.block_16_project_conv2d_chain
                0x0800c310        0x8 ./X-CUBE-AI/App/network_9.o
 .rodata.block_16_depthwise_relu_nl_params_data
                0x0800c318        0x8 ./X-CUBE-AI/App/network_9.o
 .rodata.block_16_depthwise_relu_nl_params
                0x0800c320       0x10 ./X-CUBE-AI/App/network_9.o
 .rodata.block_16_depthwise_relu_chain
                0x0800c330        0x8 ./X-CUBE-AI/App/network_9.o
 .rodata.block_16_depthwise_conv2d_chain
                0x0800c338        0x8 ./X-CUBE-AI/App/network_9.o
 .rodata.block_16_expand_relu_nl_params_data
                0x0800c340        0x8 ./X-CUBE-AI/App/network_9.o
 .rodata.block_16_expand_relu_nl_params
                0x0800c348       0x10 ./X-CUBE-AI/App/network_9.o
 .rodata.block_16_expand_relu_chain
                0x0800c358        0x8 ./X-CUBE-AI/App/network_9.o
 .rodata.block_16_expand_conv2d_chain
                0x0800c360        0x8 ./X-CUBE-AI/App/network_9.o
 .rodata.block_15_add_chain
                0x0800c368        0x8 ./X-CUBE-AI/App/network_9.o
 .rodata.block_15_project_conv2d_chain
                0x0800c370        0x8 ./X-CUBE-AI/App/network_9.o
 .rodata.block_15_depthwise_relu_nl_params_data
                0x0800c378        0x8 ./X-CUBE-AI/App/network_9.o
 .rodata.block_15_depthwise_relu_nl_params
                0x0800c380       0x10 ./X-CUBE-AI/App/network_9.o
 .rodata.block_15_depthwise_relu_chain
                0x0800c390        0x8 ./X-CUBE-AI/App/network_9.o
 .rodata.block_15_depthwise_conv2d_chain
                0x0800c398        0x8 ./X-CUBE-AI/App/network_9.o
 .rodata.block_15_expand_relu_nl_params_data
                0x0800c3a0        0x8 ./X-CUBE-AI/App/network_9.o
 .rodata.block_15_expand_relu_nl_params
                0x0800c3a8       0x10 ./X-CUBE-AI/App/network_9.o
 .rodata.block_15_expand_relu_chain
                0x0800c3b8        0x8 ./X-CUBE-AI/App/network_9.o
 .rodata.block_15_expand_conv2d_chain
                0x0800c3c0        0x8 ./X-CUBE-AI/App/network_9.o
 .rodata.block_14_add_chain
                0x0800c3c8        0x8 ./X-CUBE-AI/App/network_9.o
 .rodata.block_14_project_conv2d_chain
                0x0800c3d0        0x8 ./X-CUBE-AI/App/network_9.o
 .rodata.block_14_depthwise_relu_nl_params_data
                0x0800c3d8        0x8 ./X-CUBE-AI/App/network_9.o
 .rodata.block_14_depthwise_relu_nl_params
                0x0800c3e0       0x10 ./X-CUBE-AI/App/network_9.o
 .rodata.block_14_depthwise_relu_chain
                0x0800c3f0        0x8 ./X-CUBE-AI/App/network_9.o
 .rodata.block_14_depthwise_conv2d_chain
                0x0800c3f8        0x8 ./X-CUBE-AI/App/network_9.o
 .rodata.block_14_expand_relu_nl_params_data
                0x0800c400        0x8 ./X-CUBE-AI/App/network_9.o
 .rodata.block_14_expand_relu_nl_params
                0x0800c408       0x10 ./X-CUBE-AI/App/network_9.o
 .rodata.block_14_expand_relu_chain
                0x0800c418        0x8 ./X-CUBE-AI/App/network_9.o
 .rodata.block_14_expand_conv2d_chain
                0x0800c420        0x8 ./X-CUBE-AI/App/network_9.o
 .rodata.block_13_project_conv2d_chain
                0x0800c428        0x8 ./X-CUBE-AI/App/network_9.o
 .rodata.block_13_depthwise_relu_nl_params_data
                0x0800c430        0x8 ./X-CUBE-AI/App/network_9.o
 .rodata.block_13_depthwise_relu_nl_params
                0x0800c438       0x10 ./X-CUBE-AI/App/network_9.o
 .rodata.block_13_depthwise_relu_chain
                0x0800c448        0x8 ./X-CUBE-AI/App/network_9.o
 .rodata.block_13_depthwise_conv2d_chain
                0x0800c450        0x8 ./X-CUBE-AI/App/network_9.o
 .rodata.block_13_expand_relu_nl_params_data
                0x0800c458        0x8 ./X-CUBE-AI/App/network_9.o
 .rodata.block_13_expand_relu_nl_params
                0x0800c460       0x10 ./X-CUBE-AI/App/network_9.o
 .rodata.block_13_expand_relu_chain
                0x0800c470        0x8 ./X-CUBE-AI/App/network_9.o
 .rodata.block_13_expand_conv2d_chain
                0x0800c478        0x8 ./X-CUBE-AI/App/network_9.o
 .rodata.block_12_add_chain
                0x0800c480        0x8 ./X-CUBE-AI/App/network_9.o
 .rodata.block_12_project_conv2d_chain
                0x0800c488        0x8 ./X-CUBE-AI/App/network_9.o
 .rodata.block_12_depthwise_relu_nl_params_data
                0x0800c490        0x8 ./X-CUBE-AI/App/network_9.o
 .rodata.block_12_depthwise_relu_nl_params
                0x0800c498       0x10 ./X-CUBE-AI/App/network_9.o
 .rodata.block_12_depthwise_relu_chain
                0x0800c4a8        0x8 ./X-CUBE-AI/App/network_9.o
 .rodata.block_12_depthwise_conv2d_chain
                0x0800c4b0        0x8 ./X-CUBE-AI/App/network_9.o
 .rodata.block_12_expand_relu_nl_params_data
                0x0800c4b8        0x8 ./X-CUBE-AI/App/network_9.o
 .rodata.block_12_expand_relu_nl_params
                0x0800c4c0       0x10 ./X-CUBE-AI/App/network_9.o
 .rodata.block_12_expand_relu_chain
                0x0800c4d0        0x8 ./X-CUBE-AI/App/network_9.o
 .rodata.block_12_expand_conv2d_chain
                0x0800c4d8        0x8 ./X-CUBE-AI/App/network_9.o
 .rodata.block_11_add_chain
                0x0800c4e0        0x8 ./X-CUBE-AI/App/network_9.o
 .rodata.block_11_project_conv2d_chain
                0x0800c4e8        0x8 ./X-CUBE-AI/App/network_9.o
 .rodata.block_11_depthwise_relu_nl_params_data
                0x0800c4f0        0x8 ./X-CUBE-AI/App/network_9.o
 .rodata.block_11_depthwise_relu_nl_params
                0x0800c4f8       0x10 ./X-CUBE-AI/App/network_9.o
 .rodata.block_11_depthwise_relu_chain
                0x0800c508        0x8 ./X-CUBE-AI/App/network_9.o
 .rodata.block_11_depthwise_conv2d_chain
                0x0800c510        0x8 ./X-CUBE-AI/App/network_9.o
 .rodata.block_11_expand_relu_nl_params_data
                0x0800c518        0x8 ./X-CUBE-AI/App/network_9.o
 .rodata.block_11_expand_relu_nl_params
                0x0800c520       0x10 ./X-CUBE-AI/App/network_9.o
 .rodata.block_11_expand_relu_chain
                0x0800c530        0x8 ./X-CUBE-AI/App/network_9.o
 .rodata.block_11_expand_conv2d_chain
                0x0800c538        0x8 ./X-CUBE-AI/App/network_9.o
 .rodata.block_10_project_conv2d_chain
                0x0800c540        0x8 ./X-CUBE-AI/App/network_9.o
 .rodata.block_10_depthwise_relu_nl_params_data
                0x0800c548        0x8 ./X-CUBE-AI/App/network_9.o
 .rodata.block_10_depthwise_relu_nl_params
                0x0800c550       0x10 ./X-CUBE-AI/App/network_9.o
 .rodata.block_10_depthwise_relu_chain
                0x0800c560        0x8 ./X-CUBE-AI/App/network_9.o
 .rodata.block_10_depthwise_conv2d_chain
                0x0800c568        0x8 ./X-CUBE-AI/App/network_9.o
 .rodata.block_10_expand_relu_nl_params_data
                0x0800c570        0x8 ./X-CUBE-AI/App/network_9.o
 .rodata.block_10_expand_relu_nl_params
                0x0800c578       0x10 ./X-CUBE-AI/App/network_9.o
 .rodata.block_10_expand_relu_chain
                0x0800c588        0x8 ./X-CUBE-AI/App/network_9.o
 .rodata.block_10_expand_conv2d_chain
                0x0800c590        0x8 ./X-CUBE-AI/App/network_9.o
 .rodata.block_9_add_chain
                0x0800c598        0x8 ./X-CUBE-AI/App/network_9.o
 .rodata.block_9_project_conv2d_chain
                0x0800c5a0        0x8 ./X-CUBE-AI/App/network_9.o
 .rodata.block_9_depthwise_relu_nl_params_data
                0x0800c5a8        0x8 ./X-CUBE-AI/App/network_9.o
 .rodata.block_9_depthwise_relu_nl_params
                0x0800c5b0       0x10 ./X-CUBE-AI/App/network_9.o
 .rodata.block_9_depthwise_relu_chain
                0x0800c5c0        0x8 ./X-CUBE-AI/App/network_9.o
 .rodata.block_9_depthwise_conv2d_chain
                0x0800c5c8        0x8 ./X-CUBE-AI/App/network_9.o
 .rodata.block_9_expand_relu_nl_params_data
                0x0800c5d0        0x8 ./X-CUBE-AI/App/network_9.o
 .rodata.block_9_expand_relu_nl_params
                0x0800c5d8       0x10 ./X-CUBE-AI/App/network_9.o
 .rodata.block_9_expand_relu_chain
                0x0800c5e8        0x8 ./X-CUBE-AI/App/network_9.o
 .rodata.block_9_expand_conv2d_chain
                0x0800c5f0        0x8 ./X-CUBE-AI/App/network_9.o
 .rodata.block_8_add_chain
                0x0800c5f8        0x8 ./X-CUBE-AI/App/network_9.o
 .rodata.block_8_project_conv2d_chain
                0x0800c600        0x8 ./X-CUBE-AI/App/network_9.o
 .rodata.block_8_depthwise_relu_nl_params_data
                0x0800c608        0x8 ./X-CUBE-AI/App/network_9.o
 .rodata.block_8_depthwise_relu_nl_params
                0x0800c610       0x10 ./X-CUBE-AI/App/network_9.o
 .rodata.block_8_depthwise_relu_chain
                0x0800c620        0x8 ./X-CUBE-AI/App/network_9.o
 .rodata.block_8_depthwise_conv2d_chain
                0x0800c628        0x8 ./X-CUBE-AI/App/network_9.o
 .rodata.block_8_expand_relu_nl_params_data
                0x0800c630        0x8 ./X-CUBE-AI/App/network_9.o
 .rodata.block_8_expand_relu_nl_params
                0x0800c638       0x10 ./X-CUBE-AI/App/network_9.o
 .rodata.block_8_expand_relu_chain
                0x0800c648        0x8 ./X-CUBE-AI/App/network_9.o
 .rodata.block_8_expand_conv2d_chain
                0x0800c650        0x8 ./X-CUBE-AI/App/network_9.o
 .rodata.block_7_add_chain
                0x0800c658        0x8 ./X-CUBE-AI/App/network_9.o
 .rodata.block_7_project_conv2d_chain
                0x0800c660        0x8 ./X-CUBE-AI/App/network_9.o
 .rodata.block_7_depthwise_relu_nl_params_data
                0x0800c668        0x8 ./X-CUBE-AI/App/network_9.o
 .rodata.block_7_depthwise_relu_nl_params
                0x0800c670       0x10 ./X-CUBE-AI/App/network_9.o
 .rodata.block_7_depthwise_relu_chain
                0x0800c680        0x8 ./X-CUBE-AI/App/network_9.o
 .rodata.block_7_depthwise_conv2d_chain
                0x0800c688        0x8 ./X-CUBE-AI/App/network_9.o
 .rodata.block_7_expand_relu_nl_params_data
                0x0800c690        0x8 ./X-CUBE-AI/App/network_9.o
 .rodata.block_7_expand_relu_nl_params
                0x0800c698       0x10 ./X-CUBE-AI/App/network_9.o
 .rodata.block_7_expand_relu_chain
                0x0800c6a8        0x8 ./X-CUBE-AI/App/network_9.o
 .rodata.block_7_expand_conv2d_chain
                0x0800c6b0        0x8 ./X-CUBE-AI/App/network_9.o
 .rodata.block_6_project_conv2d_chain
                0x0800c6b8        0x8 ./X-CUBE-AI/App/network_9.o
 .rodata.block_6_depthwise_relu_nl_params_data
                0x0800c6c0        0x8 ./X-CUBE-AI/App/network_9.o
 .rodata.block_6_depthwise_relu_nl_params
                0x0800c6c8       0x10 ./X-CUBE-AI/App/network_9.o
 .rodata.block_6_depthwise_relu_chain
                0x0800c6d8        0x8 ./X-CUBE-AI/App/network_9.o
 .rodata.block_6_depthwise_conv2d_chain
                0x0800c6e0        0x8 ./X-CUBE-AI/App/network_9.o
 .rodata.block_6_expand_relu_nl_params_data
                0x0800c6e8        0x8 ./X-CUBE-AI/App/network_9.o
 .rodata.block_6_expand_relu_nl_params
                0x0800c6f0       0x10 ./X-CUBE-AI/App/network_9.o
 .rodata.block_6_expand_relu_chain
                0x0800c700        0x8 ./X-CUBE-AI/App/network_9.o
 .rodata.block_6_expand_conv2d_chain
                0x0800c708        0x8 ./X-CUBE-AI/App/network_9.o
 .rodata.block_5_add_chain
                0x0800c710        0x8 ./X-CUBE-AI/App/network_9.o
 .rodata.block_5_project_conv2d_chain
                0x0800c718        0x8 ./X-CUBE-AI/App/network_9.o
 .rodata.block_5_depthwise_relu_nl_params_data
                0x0800c720        0x8 ./X-CUBE-AI/App/network_9.o
 .rodata.block_5_depthwise_relu_nl_params
                0x0800c728       0x10 ./X-CUBE-AI/App/network_9.o
 .rodata.block_5_depthwise_relu_chain
                0x0800c738        0x8 ./X-CUBE-AI/App/network_9.o
 .rodata.block_5_depthwise_conv2d_chain
                0x0800c740        0x8 ./X-CUBE-AI/App/network_9.o
 .rodata.block_5_expand_relu_nl_params_data
                0x0800c748        0x8 ./X-CUBE-AI/App/network_9.o
 .rodata.block_5_expand_relu_nl_params
                0x0800c750       0x10 ./X-CUBE-AI/App/network_9.o
 .rodata.block_5_expand_relu_chain
                0x0800c760        0x8 ./X-CUBE-AI/App/network_9.o
 .rodata.block_5_expand_conv2d_chain
                0x0800c768        0x8 ./X-CUBE-AI/App/network_9.o
 .rodata.block_4_add_chain
                0x0800c770        0x8 ./X-CUBE-AI/App/network_9.o